Component: ARM Compiler 5.06 update 7 (build 960) Tool: armlink [4d3601]

==============================================================================

Section Cross References

    startup_stm32f103xb.o(RESET) refers to startup_stm32f103xb.o(STACK) for __initial_sp
    startup_stm32f103xb.o(RESET) refers to startup_stm32f103xb.o(.text) for Reset_Handler
    startup_stm32f103xb.o(RESET) refers to stm32f1xx_it.o(i.NMI_Handler) for NMI_Handler
    startup_stm32f103xb.o(RESET) refers to stm32f1xx_it.o(i.HardFault_Handler) for HardFault_Handler
    startup_stm32f103xb.o(RESET) refers to stm32f1xx_it.o(i.MemManage_Handler) for MemManage_Handler
    startup_stm32f103xb.o(RESET) refers to stm32f1xx_it.o(i.BusFault_Handler) for BusFault_Handler
    startup_stm32f103xb.o(RESET) refers to stm32f1xx_it.o(i.UsageFault_Handler) for UsageFault_Handler
    startup_stm32f103xb.o(RESET) refers to stm32f1xx_it.o(i.SVC_Handler) for SVC_Handler
    startup_stm32f103xb.o(RESET) refers to stm32f1xx_it.o(i.DebugMon_Handler) for DebugMon_Handler
    startup_stm32f103xb.o(RESET) refers to stm32f1xx_it.o(i.PendSV_Handler) for PendSV_Handler
    startup_stm32f103xb.o(RESET) refers to stm32f1xx_it.o(i.SysTick_Handler) for SysTick_Handler
    startup_stm32f103xb.o(.text) refers to system_stm32f1xx.o(i.SystemInit) for SystemInit
    startup_stm32f103xb.o(.text) refers to entry.o(.ARM.Collect$$$$00000000) for __main
    main.o(i.SystemClock_Config) refers to memseta.o(.text) for __aeabi_memclr4
    main.o(i.SystemClock_Config) refers to stm32f1xx_hal_rcc.o(i.HAL_RCC_OscConfig) for HAL_RCC_OscConfig
    main.o(i.SystemClock_Config) refers to stm32f1xx_hal_rcc.o(i.HAL_RCC_ClockConfig) for HAL_RCC_ClockConfig
    main.o(i.SystemClock_Config) refers to stm32f1xx_hal_rcc_ex.o(i.HAL_RCCEx_PeriphCLKConfig) for HAL_RCCEx_PeriphCLKConfig
    main.o(i.main) refers to stm32f1xx_hal.o(i.HAL_Init) for HAL_Init
    main.o(i.main) refers to main.o(i.SystemClock_Config) for SystemClock_Config
    main.o(i.main) refers to gpio.o(i.MX_GPIO_Init) for MX_GPIO_Init
    main.o(i.main) refers to usart.o(i.MX_USART1_UART_Init) for MX_USART1_UART_Init
    main.o(i.main) refers to tim.o(i.MX_TIM1_Init) for MX_TIM1_Init
    main.o(i.main) refers to adc.o(i.MX_ADC1_Init) for MX_ADC1_Init
    main.o(i.main) refers to mydht11.o(i.DHT11_Init) for DHT11_Init
    main.o(i.main) refers to myoled.o(i.OLED_Init) for OLED_Init
    main.o(i.main) refers to myoled.o(i.OLED_Clear) for OLED_Clear
    main.o(i.main) refers to stm32f1xx_hal_adc_ex.o(i.HAL_ADCEx_Calibration_Start) for HAL_ADCEx_Calibration_Start
    main.o(i.main) refers to mydht11.o(i.dht11_task) for dht11_task
    main.o(i.main) refers to hc-sr501.o(i.hc_sr501_task) for hc_sr501_task
    main.o(i.main) refers to mymq-7.o(i.mq7_task) for mq7_task
    main.o(i.main) refers to myoled.o(i.oled_task) for oled_task
    main.o(i.main) refers to buzzer.o(i.Buzzer_Task) for Buzzer_Task
    main.o(i.main) refers to stm32f1xx_hal.o(i.HAL_Delay) for HAL_Delay
    main.o(i.main) refers to adc.o(.bss) for hadc1
    gpio.o(i.MX_GPIO_Init) refers to stm32f1xx_hal_gpio.o(i.HAL_GPIO_WritePin) for HAL_GPIO_WritePin
    gpio.o(i.MX_GPIO_Init) refers to stm32f1xx_hal_gpio.o(i.HAL_GPIO_Init) for HAL_GPIO_Init
    adc.o(i.HAL_ADC_MspDeInit) refers to stm32f1xx_hal_gpio.o(i.HAL_GPIO_DeInit) for HAL_GPIO_DeInit
    adc.o(i.HAL_ADC_MspInit) refers to stm32f1xx_hal_gpio.o(i.HAL_GPIO_Init) for HAL_GPIO_Init
    adc.o(i.MX_ADC1_Init) refers to stm32f1xx_hal_adc.o(i.HAL_ADC_Init) for HAL_ADC_Init
    adc.o(i.MX_ADC1_Init) refers to main.o(i.Error_Handler) for Error_Handler
    adc.o(i.MX_ADC1_Init) refers to stm32f1xx_hal_adc.o(i.HAL_ADC_ConfigChannel) for HAL_ADC_ConfigChannel
    adc.o(i.MX_ADC1_Init) refers to adc.o(.bss) for .bss
    tim.o(i.MX_TIM1_Init) refers to stm32f1xx_hal_tim.o(i.HAL_TIM_Base_Init) for HAL_TIM_Base_Init
    tim.o(i.MX_TIM1_Init) refers to main.o(i.Error_Handler) for Error_Handler
    tim.o(i.MX_TIM1_Init) refers to stm32f1xx_hal_tim.o(i.HAL_TIM_ConfigClockSource) for HAL_TIM_ConfigClockSource
    tim.o(i.MX_TIM1_Init) refers to stm32f1xx_hal_tim_ex.o(i.HAL_TIMEx_MasterConfigSynchronization) for HAL_TIMEx_MasterConfigSynchronization
    tim.o(i.MX_TIM1_Init) refers to tim.o(.bss) for .bss
    usart.o(i.HAL_UART_MspDeInit) refers to stm32f1xx_hal_gpio.o(i.HAL_GPIO_DeInit) for HAL_GPIO_DeInit
    usart.o(i.HAL_UART_MspInit) refers to stm32f1xx_hal_gpio.o(i.HAL_GPIO_Init) for HAL_GPIO_Init
    usart.o(i.MX_USART1_UART_Init) refers to stm32f1xx_hal_uart.o(i.HAL_UART_Init) for HAL_UART_Init
    usart.o(i.MX_USART1_UART_Init) refers to main.o(i.Error_Handler) for Error_Handler
    usart.o(i.MX_USART1_UART_Init) refers to usart.o(.bss) for .bss
    usart.o(i.my_printf) refers to printfa.o(i.__0vsnprintf) for vsnprintf
    usart.o(i.my_printf) refers to stm32f1xx_hal_uart.o(i.HAL_UART_Transmit) for HAL_UART_Transmit
    stm32f1xx_it.o(i.SysTick_Handler) refers to stm32f1xx_hal.o(i.HAL_IncTick) for HAL_IncTick
[...]
    Removing stm32f1xx_hal_tim.o(i.HAL_TIM_OnePulse_MspInit), (2 bytes).
    Removing stm32f1xx_hal_tim.o(i.HAL_TIM_OnePulse_Start), (104 bytes).
    Removing stm32f1xx_hal_tim.o(i.HAL_TIM_OnePulse_Start_IT), (124 bytes).
    Removing stm32f1xx_hal_tim.o(i.HAL_TIM_OnePulse_Stop), (100 bytes).
    Removing stm32f1xx_hal_tim.o(i.HAL_TIM_OnePulse_Stop_IT), (120 bytes).
    Removing stm32f1xx_hal_tim.o(i.HAL_TIM_PWM_ConfigChannel), (204 bytes).
    Removing stm32f1xx_hal_tim.o(i.HAL_TIM_PWM_DeInit), (92 bytes).
    Removing stm32f1xx_hal_tim.o(i.HAL_TIM_PWM_GetState), (6 bytes).
    Removing stm32f1xx_hal_tim.o(i.HAL_TIM_PWM_Init), (90 bytes).
    Removing stm32f1xx_hal_tim.o(i.HAL_TIM_PWM_MspDeInit), (2 bytes).
    Removing stm32f1xx_hal_tim.o(i.HAL_TIM_PWM_MspInit), (2 bytes).
    Removing stm32f1xx_hal_tim.o(i.HAL_TIM_PWM_PulseFinishedCallback), (2 bytes).
    Removing stm32f1xx_hal_tim.o(i.HAL_TIM_PWM_PulseFinishedHalfCpltCallback), (2 bytes).
    Removing stm32f1xx_hal_tim.o(i.HAL_TIM_PWM_Start), (156 bytes).
    Removing stm32f1xx_hal_tim.o(i.HAL_TIM_PWM_Start_DMA), (404 bytes).
    Removing stm32f1xx_hal_tim.o(i.HAL_TIM_PWM_Start_IT), (200 bytes).
    Removing stm32f1xx_hal_tim.o(i.HAL_TIM_PWM_Stop), (112 bytes).
    Removing stm32f1xx_hal_tim.o(i.HAL_TIM_PWM_Stop_DMA), (196 bytes).
    Removing stm32f1xx_hal_tim.o(i.HAL_TIM_PWM_Stop_IT), (176 bytes).
    Removing stm32f1xx_hal_tim.o(i.HAL_TIM_PeriodElapsedCallback), (2 bytes).
    Removing stm32f1xx_hal_tim.o(i.HAL_TIM_PeriodElapsedHalfCpltCallback), (2 bytes).
    Removing stm32f1xx_hal_tim.o(i.HAL_TIM_ReadCapturedValue), (42 bytes).
    Removing stm32f1xx_hal_tim.o(i.HAL_TIM_SlaveConfigSynchro), (86 bytes).
    Removing stm32f1xx_hal_tim.o(i.HAL_TIM_SlaveConfigSynchro_IT), (86 bytes).
    Removing stm32f1xx_hal_tim.o(i.HAL_TIM_TriggerCallback), (2 bytes).
    Removing stm32f1xx_hal_tim.o(i.HAL_TIM_TriggerHalfCpltCallback), (2 bytes).
    Removing stm32f1xx_hal_tim.o(i.TIM_CCxChannelCmd), (26 bytes).
    Removing stm32f1xx_hal_tim.o(i.TIM_DMACaptureCplt), (110 bytes).
    Removing stm32f1xx_hal_tim.o(i.TIM_DMACaptureHalfCplt), (56 bytes).
    Removing stm32f1xx_hal_tim.o(i.TIM_DMADelayPulseCplt), (94 bytes).
    Removing stm32f1xx_hal_tim.o(i.TIM_DMADelayPulseHalfCplt), (56 bytes).
    Removing stm32f1xx_hal_tim.o(i.TIM_DMAError), (84 bytes).
    Removing stm32f1xx_hal_tim.o(i.TIM_DMAPeriodElapsedCplt), (22 bytes).
    Removing stm32f1xx_hal_tim.o(i.TIM_DMAPeriodElapsedHalfCplt), (10 bytes).
    Removing stm32f1xx_hal_tim.o(i.TIM_DMATriggerCplt), (22 bytes).
    Removing stm32f1xx_hal_tim.o(i.TIM_DMATriggerHalfCplt), (10 bytes).
    Removing stm32f1xx_hal_tim.o(i.TIM_OC1_SetConfig), (80 bytes).
    Removing stm32f1xx_hal_tim.o(i.TIM_OC2_SetConfig), (88 bytes).
    Removing stm32f1xx_hal_tim.o(i.TIM_OC3_SetConfig), (88 bytes).
    Removing stm32f1xx_hal_tim.o(i.TIM_OC4_SetConfig), (68 bytes).
    Removing stm32f1xx_hal_tim.o(i.TIM_SlaveTimer_SetConfig), (140 bytes).
    Removing stm32f1xx_hal_tim.o(i.TIM_TI1_SetConfig), (88 bytes).
    Removing stm32f1xx_hal_tim.o(i.TIM_TI2_SetConfig), (54 bytes).
    Removing stm32f1xx_hal_tim_ex.o(.rev16_text), (4 bytes).
    Removing stm32f1xx_hal_tim_ex.o(.revsh_text), (4 bytes).
    Removing stm32f1xx_hal_tim_ex.o(.rrx_text), (6 bytes).
    Removing stm32f1xx_hal_tim_ex.o(i.HAL_TIMEx_BreakCallback), (2 bytes).
    Removing stm32f1xx_hal_tim_ex.o(i.HAL_TIMEx_CommutCallback), (2 bytes).
    Removing stm32f1xx_hal_tim_ex.o(i.HAL_TIMEx_CommutHalfCpltCallback), (2 bytes).
    Removing stm32f1xx_hal_tim_ex.o(i.HAL_TIMEx_ConfigBreakDeadTime), (84 bytes).
    Removing stm32f1xx_hal_tim_ex.o(i.HAL_TIMEx_ConfigCommutEvent), (112 bytes).
    Removing stm32f1xx_hal_tim_ex.o(i.HAL_TIMEx_ConfigCommutEvent_DMA), (144 bytes).
    Removing stm32f1xx_hal_tim_ex.o(i.HAL_TIMEx_ConfigCommutEvent_IT), (112 bytes).
    Removing stm32f1xx_hal_tim_ex.o(i.HAL_TIMEx_GetChannelNState), (34 bytes).
    Removing stm32f1xx_hal_tim_ex.o(i.HAL_TIMEx_HallSensor_DeInit), (76 bytes).
    Removing stm32f1xx_hal_tim_ex.o(i.HAL_TIMEx_HallSensor_GetState), (6 bytes).
    Removing stm32f1xx_hal_tim_ex.o(i.HAL_TIMEx_HallSensor_Init), (208 bytes).
    Removing stm32f1xx_hal_tim_ex.o(i.HAL_TIMEx_HallSensor_MspDeInit), (2 bytes).
    Removing stm32f1xx_hal_tim_ex.o(i.HAL_TIMEx_HallSensor_MspInit), (2 bytes).
    Removing stm32f1xx_hal_tim_ex.o(i.HAL_TIMEx_HallSensor_Start), (128 bytes).
    Removing stm32f1xx_hal_tim_ex.o(i.HAL_TIMEx_HallSensor_Start_DMA), (184 bytes).
    Removing stm32f1xx_hal_tim_ex.o(i.HAL_TIMEx_HallSensor_Start_IT), (140 bytes).
    Removing stm32f1xx_hal_tim_ex.o(i.HAL_TIMEx_HallSensor_Stop), (58 bytes).
    Removing stm32f1xx_hal_tim_ex.o(i.HAL_TIMEx_HallSensor_Stop_DMA), (70 bytes).
    Removing stm32f1xx_hal_tim_ex.o(i.HAL_TIMEx_HallSensor_Stop_IT), (68 bytes).
    Removing stm32f1xx_hal_tim_ex.o(i.HAL_TIMEx_OCN_Start), (152 bytes).
    Removing stm32f1xx_hal_tim_ex.o(i.HAL_TIMEx_OCN_Start_DMA), (352 bytes).
    Removing stm32f1xx_hal_tim_ex.o(i.HAL_TIMEx_OCN_Start_IT), (192 bytes).
    Removing stm32f1xx_hal_tim_ex.o(i.HAL_TIMEx_OCN_Stop), (104 bytes).
    Removing stm32f1xx_hal_tim_ex.o(i.HAL_TIMEx_OCN_Stop_DMA), (168 bytes).
    Removing stm32f1xx_hal_tim_ex.o(i.HAL_TIMEx_OCN_Stop_IT), (170 bytes).
    Removing stm32f1xx_hal_tim_ex.o(i.HAL_TIMEx_OnePulseN_Start), (100 bytes).
    Removing stm32f1xx_hal_tim_ex.o(i.HAL_TIMEx_OnePulseN_Start_IT), (120 bytes).
    Removing stm32f1xx_hal_tim_ex.o(i.HAL_TIMEx_OnePulseN_Stop), (98 bytes).
    Removing stm32f1xx_hal_tim_ex.o(i.HAL_TIMEx_OnePulseN_Stop_IT), (120 bytes).
    Removing stm32f1xx_hal_tim_ex.o(i.HAL_TIMEx_PWMN_Start), (152 bytes).
    Removing stm32f1xx_hal_tim_ex.o(i.HAL_TIMEx_PWMN_Start_DMA), (352 bytes).
    Removing stm32f1xx_hal_tim_ex.o(i.HAL_TIMEx_PWMN_Start_IT), (192 bytes).
    Removing stm32f1xx_hal_tim_ex.o(i.HAL_TIMEx_PWMN_Stop), (104 bytes).
    Removing stm32f1xx_hal_tim_ex.o(i.HAL_TIMEx_PWMN_Stop_DMA), (168 bytes).
    Removing stm32f1xx_hal_tim_ex.o(i.HAL_TIMEx_PWMN_Stop_IT), (170 bytes).
    Removing stm32f1xx_hal_tim_ex.o(i.HAL_TIMEx_RemapConfig), (4 bytes).
    Removing stm32f1xx_hal_tim_ex.o(i.TIMEx_DMACommutationCplt), (16 bytes).
    Removing stm32f1xx_hal_tim_ex.o(i.TIMEx_DMACommutationHalfCplt), (16 bytes).
    Removing stm32f1xx_hal_tim_ex.o(i.TIM_CCxNChannelCmd), (26 bytes).
    Removing stm32f1xx_hal_tim_ex.o(i.TIM_DMADelayPulseNCplt), (74 bytes).
    Removing stm32f1xx_hal_tim_ex.o(i.TIM_DMAErrorCCxN), (62 bytes).
    Removing stm32f1xx_hal_uart.o(.rev16_text), (4 bytes).
    Removing stm32f1xx_hal_uart.o(.revsh_text), (4 bytes).
    Removing stm32f1xx_hal_uart.o(.rrx_text), (6 bytes).
    Removing stm32f1xx_hal_uart.o(i.HAL_HalfDuplex_EnableReceiver), (50 bytes).
    Removing stm32f1xx_hal_uart.o(i.HAL_HalfDuplex_EnableTransmitter), (50 bytes).
    Removing stm32f1xx_hal_uart.o(i.HAL_HalfDuplex_Init), (110 bytes).
    Removing stm32f1xx_hal_uart.o(i.HAL_LIN_Init), (130 bytes).
    Removing stm32f1xx_hal_uart.o(i.HAL_LIN_SendBreak), (60 bytes).
    Removing stm32f1xx_hal_uart.o(i.HAL_MultiProcessor_EnterMuteMode), (62 bytes).
    Removing stm32f1xx_hal_uart.o(i.HAL_MultiProcessor_ExitMuteMode), (62 bytes).
    Removing stm32f1xx_hal_uart.o(i.HAL_MultiProcessor_Init), (144 bytes).
    Removing stm32f1xx_hal_uart.o(i.HAL_UARTEx_GetRxEventType), (4 bytes).
    Removing stm32f1xx_hal_uart.o(i.HAL_UARTEx_ReceiveToIdle), (240 bytes).
    Removing stm32f1xx_hal_uart.o(i.HAL_UARTEx_ReceiveToIdle_DMA), (74 bytes).
    Removing stm32f1xx_hal_uart.o(i.HAL_UARTEx_ReceiveToIdle_IT), (78 bytes).
    Removing stm32f1xx_hal_uart.o(i.HAL_UARTEx_RxEventCallback), (2 bytes).
    Removing stm32f1xx_hal_uart.o(i.HAL_UART_Abort), (210 bytes).
    Removing stm32f1xx_hal_uart.o(i.HAL_UART_AbortCpltCallback), (2 bytes).
    Removing stm32f1xx_hal_uart.o(i.HAL_UART_AbortReceive), (148 bytes).
    Removing stm32f1xx_hal_uart.o(i.HAL_UART_AbortReceiveCpltCallback), (2 bytes).
    Removing stm32f1xx_hal_uart.o(i.HAL_UART_AbortReceive_IT), (152 bytes).
    Removing stm32f1xx_hal_uart.o(i.HAL_UART_AbortTransmit), (98 bytes).
    Removing stm32f1xx_hal_uart.o(i.HAL_UART_AbortTransmitCpltCallback), (2 bytes).
    Removing stm32f1xx_hal_uart.o(i.HAL_UART_AbortTransmit_IT), (104 bytes).
    Removing stm32f1xx_hal_uart.o(i.HAL_UART_Abort_IT), (244 bytes).
    Removing stm32f1xx_hal_uart.o(i.HAL_UART_DMAPause), (120 bytes).
    Removing stm32f1xx_hal_uart.o(i.HAL_UART_DMAResume), (114 bytes).
    Removing stm32f1xx_hal_uart.o(i.HAL_UART_DMAStop), (112 bytes).
    Removing stm32f1xx_hal_uart.o(i.HAL_UART_DeInit), (54 bytes).
    Removing stm32f1xx_hal_uart.o(i.HAL_UART_ErrorCallback), (2 bytes).
    Removing stm32f1xx_hal_uart.o(i.HAL_UART_GetError), (4 bytes).
    Removing stm32f1xx_hal_uart.o(i.HAL_UART_GetState), (10 bytes).
    Removing stm32f1xx_hal_uart.o(i.HAL_UART_IRQHandler), (620 bytes).
    Removing stm32f1xx_hal_uart.o(i.HAL_UART_MspDeInit), (2 bytes).
    Removing stm32f1xx_hal_uart.o(i.HAL_UART_MspInit), (2 bytes).
    Removing stm32f1xx_hal_uart.o(i.HAL_UART_Receive), (176 bytes).
    Removing stm32f1xx_hal_uart.o(i.HAL_UART_Receive_DMA), (28 bytes).
    Removing stm32f1xx_hal_uart.o(i.HAL_UART_Receive_IT), (28 bytes).
    Removing stm32f1xx_hal_uart.o(i.HAL_UART_RxCpltCallback), (2 bytes).
    Removing stm32f1xx_hal_uart.o(i.HAL_UART_RxHalfCpltCallback), (2 bytes).
    Removing stm32f1xx_hal_uart.o(i.HAL_UART_Transmit_DMA), (120 bytes).
    Removing stm32f1xx_hal_uart.o(i.HAL_UART_Transmit_IT), (50 bytes).
    Removing stm32f1xx_hal_uart.o(i.HAL_UART_TxCpltCallback), (2 bytes).
    Removing stm32f1xx_hal_uart.o(i.HAL_UART_TxHalfCpltCallback), (2 bytes).
    Removing stm32f1xx_hal_uart.o(i.UART_DMAAbortOnError), (16 bytes).
    Removing stm32f1xx_hal_uart.o(i.UART_DMAError), (74 bytes).
    Removing stm32f1xx_hal_uart.o(i.UART_DMAReceiveCplt), (134 bytes).
    Removing stm32f1xx_hal_uart.o(i.UART_DMARxAbortCallback), (44 bytes).
    Removing stm32f1xx_hal_uart.o(i.UART_DMARxHalfCplt), (30 bytes).
    Removing stm32f1xx_hal_uart.o(i.UART_DMARxOnlyAbortCallback), (22 bytes).
    Removing stm32f1xx_hal_uart.o(i.UART_DMATransmitCplt), (66 bytes).
    Removing stm32f1xx_hal_uart.o(i.UART_DMATxAbortCallback), (44 bytes).
    Removing stm32f1xx_hal_uart.o(i.UART_DMATxHalfCplt), (10 bytes).
    Removing stm32f1xx_hal_uart.o(i.UART_DMATxOnlyAbortCallback), (20 bytes).
    Removing stm32f1xx_hal_uart.o(i.UART_EndTxTransfer), (28 bytes).
    Removing stm32f1xx_hal_uart.o(i.UART_Receive_IT), (194 bytes).
    Removing stm32f1xx_hal_uart.o(i.UART_Start_Receive_DMA), (144 bytes).
    Removing stm32f1xx_hal_uart.o(i.UART_Start_Receive_IT), (54 bytes).
    Removing system_stm32f1xx.o(.rev16_text), (4 bytes).
    Removing system_stm32f1xx.o(.revsh_text), (4 bytes).
    Removing system_stm32f1xx.o(.rrx_text), (6 bytes).
    Removing system_stm32f1xx.o(i.SystemCoreClockUpdate), (104 bytes).
    Removing mydht11.o(.rev16_text), (4 bytes).
    Removing mydht11.o(.revsh_text), (4 bytes).
    Removing mydht11.o(.rrx_text), (6 bytes).
    Removing myoled.o(.rev16_text), (4 bytes).
    Removing myoled.o(.revsh_text), (4 bytes).
    Removing myoled.o(.rrx_text), (6 bytes).
    Removing myoled.o(i.OLED_ShowBinNum), (58 bytes).
    Removing myoled.o(i.OLED_ShowHexNum), (68 bytes).
    Removing myoled.o(i.OLED_ShowSignedNum), (88 bytes).
    Removing mymq-7.o(.rev16_text), (4 bytes).
    Removing mymq-7.o(.revsh_text), (4 bytes).
    Removing mymq-7.o(.rrx_text), (6 bytes).
    Removing hc-sr501.o(.rev16_text), (4 bytes).
    Removing hc-sr501.o(.revsh_text), (4 bytes).
    Removing hc-sr501.o(.rrx_text), (6 bytes).
    Removing buzzer.o(.rev16_text), (4 bytes).
    Removing buzzer.o(.revsh_text), (4 bytes).
    Removing buzzer.o(.rrx_text), (6 bytes).
    Removing cdcmple.o(.text), (48 bytes).

449 unused section(s) (total 30144 bytes) removed from the image.

==============================================================================

Image Symbol Table

    Local Symbols

    Symbol Name                              Value     Ov Type        Size  Object(Section)

    ../Core/Src/adc.c                        0x00000000   Number         0  adc.o ABSOLUTE
    ../Core/Src/gpio.c                       0x00000000   Number         0  gpio.o ABSOLUTE
    ../Core/Src/main.c                       0x00000000   Number         0  main.o ABSOLUTE
    ../Core/Src/stm32f1xx_hal_msp.c          0x00000000   Number         0  stm32f1xx_hal_msp.o ABSOLUTE
    ../Core/Src/stm32f1xx_it.c               0x00000000   Number         0  stm32f1xx_it.o ABSOLUTE
    ../Core/Src/system_stm32f1xx.c           0x00000000   Number         0  system_stm32f1xx.o ABSOLUTE
    ../Core/Src/tim.c                        0x00000000   Number         0  tim.o ABSOLUTE
    ../Core/Src/usart.c                      0x00000000   Number         0  usart.o ABSOLUTE
    ../Drivers/STM32F1xx_HAL_Driver/Src/stm32f1xx_hal.c 0x00000000   Number         0  stm32f1xx_hal.o ABSOLUTE
    ../Drivers/STM32F1xx_HAL_Driver/Src/stm32f1xx_hal_adc.c 0x00000000   Number         0  stm32f1xx_hal_adc.o ABSOLUTE
    ../Drivers/STM32F1xx_HAL_Driver/Src/stm32f1xx_hal_adc_ex.c 0x00000000   Number         0  stm32f1xx_hal_adc_ex.o ABSOLUTE
    ../Drivers/STM32F1xx_HAL_Driver/Src/stm32f1xx_hal_cortex.c 0x00000000   Number         0  stm32f1xx_hal_cortex.o ABSOLUTE
    ../Drivers/STM32F1xx_HAL_Driver/Src/stm32f1xx_hal_dma.c 0x00000000   Number         0  stm32f1xx_hal_dma.o ABSOLUTE
    ../Drivers/STM32F1xx_HAL_Driver/Src/stm32f1xx_hal_exti.c 0x00000000   Number         0  stm32f1xx_hal_exti.o ABSOLUTE
    ../Drivers/STM32F1xx_HAL_Driver/Src/stm32f1xx_hal_flash.c 0x00000000   Number         0  stm32f1xx_hal_flash.o ABSOLUTE
    ../Drivers/STM32F1xx_HAL_Driver/Src/stm32f1xx_hal_flash_ex.c 0x00000000   Number         0  stm32f1xx_hal_flash_ex.o ABSOLUTE
    ../Drivers/STM32F1xx_HAL_Driver/Src/stm32f1xx_hal_gpio.c 0x00000000   Number         0  stm32f1xx_hal_gpio.o ABSOLUTE
    ../Drivers/STM32F1xx_HAL_Driver/Src/stm32f1xx_hal_gpio_ex.c 0x00000000   Number         0  stm32f1xx_hal_gpio_ex.o ABSOLUTE
    ../Drivers/STM32F1xx_HAL_Driver/Src/stm32f1xx_hal_pwr.c 0x00000000   Number         0  stm32f1xx_hal_pwr.o ABSOLUTE
    ../Drivers/STM32F1xx_HAL_Driver/Src/stm32f1xx_hal_rcc.c 0x00000000   Number         0  stm32f1xx_hal_rcc.o ABSOLUTE
    ../Drivers/STM32F1xx_HAL_Driver/Src/stm32f1xx_hal_rcc_ex.c 0x00000000   Number         0  stm32f1xx_hal_rcc_ex.o ABSOLUTE
    ../Drivers/STM32F1xx_HAL_Driver/Src/stm32f1xx_hal_tim.c 0x00000000   Number         0  stm32f1xx_hal_tim.o ABSOLUTE
    ../Drivers/STM32F1xx_HAL_Driver/Src/stm32f1xx_hal_tim_ex.c 0x00000000   Number         0  stm32f1xx_hal_tim_ex.o ABSOLUTE
    ../Drivers/STM32F1xx_HAL_Driver/Src/stm32f1xx_hal_uart.c 0x00000000   Number         0  stm32f1xx_hal_uart.o ABSOLUTE
    ../clib/microlib/division.c              0x00000000   Number         0  uidiv.o ABSOLUTE
    ../clib/microlib/division.c              0x00000000   Number         0  uldiv.o ABSOLUTE
    ../clib/microlib/errno.c                 0x00000000   Number         0  errno.o ABSOLUTE
    ../clib/microlib/init/entry.s            0x00000000   Number         0  entry5.o ABSOLUTE
    ../clib/microlib/init/entry.s            0x00000000   Number         0  entry2.o ABSOLUTE
    ../clib/microlib/init/entry.s            0x00000000   Number         0  entry12b.o ABSOLUTE
    ../clib/microlib/init/entry.s            0x00000000   Number         0  entry12a.o ABSOLUTE
    ../clib/microlib/init/entry.s            0x00000000   Number         0  entry11b.o ABSOLUTE
    ../clib/microlib/init/entry.s            0x00000000   Number         0  entry10b.o ABSOLUTE
    ../clib/microlib/init/entry.s            0x00000000   Number         0  entry10a.o ABSOLUTE
    ../clib/microlib/init/entry.s            0x00000000   Number         0  entry9b.o ABSOLUTE
    ../clib/microlib/init/entry.s            0x00000000   Number         0  entry9a.o ABSOLUTE
    ../clib/microlib/init/entry.s            0x00000000   Number         0  entry8b.o ABSOLUTE
    ../clib/microlib/init/entry.s            0x00000000   Number         0  entry8a.o ABSOLUTE
    ../clib/microlib/init/entry.s            0x00000000   Number         0  entry11a.o ABSOLUTE
    ../clib/microlib/init/entry.s            0x00000000   Number         0  entry7b.o ABSOLUTE
    ../clib/microlib/init/entry.s            0x00000000   Number         0  entry7a.o ABSOLUTE
    ../clib/microlib/init/entry.s            0x00000000   Number         0  entry.o ABSOLUTE
    ../clib/microlib/longlong.c              0x00000000   Number         0  llushr.o ABSOLUTE
    ../clib/microlib/longlong.c              0x00000000   Number         0  llshl.o ABSOLUTE
    ../clib/microlib/longlong.c              0x00000000   Number         0  llsshr.o ABSOLUTE
    ../clib/microlib/printf/printf.c         0x00000000   Number         0  printfa.o ABSOLUTE
    ../clib/microlib/stdio/fputc.c           0x00000000   Number         0  fputc.o ABSOLUTE
    ../clib/microlib/stdio/semi.s            0x00000000   Number         0  semi.o ABSOLUTE
    ../clib/microlib/stdio/streams.c         0x00000000   Number         0  stdout.o ABSOLUTE
    ../clib/microlib/string/memset.c         0x00000000   Number         0  memseta.o ABSOLUTE
    ../clib/microlib/stubs.s                 0x00000000   Number         0  iusefp.o ABSOLUTE
    ../clib/microlib/stubs.s                 0x00000000   Number         0  iusesemip.o ABSOLUTE
    ../fplib/microlib/d2f.c                  0x00000000   Number         0  d2f.o ABSOLUTE
    ../fplib/microlib/f2d.c                  0x00000000   Number         0  f2d.o ABSOLUTE
    ../fplib/microlib/fpadd.c                0x00000000   Number         0  fadd.o ABSOLUTE
    ../fplib/microlib/fpadd.c                0x00000000   Number         0  dadd.o ABSOLUTE
    ../fplib/microlib/fpdiv.c                0x00000000   Number         0  ddiv.o ABSOLUTE
    ../fplib/microlib/fpepilogue.c           0x00000000   Number         0  fepilogue.o ABSOLUTE
    ../fplib/microlib/fpepilogue.c           0x00000000   Number         0  depilogue.o ABSOLUTE
    ../fplib/microlib/fpfix.c                0x00000000   Number         0  ffixui.o ABSOLUTE
    ../fplib/microlib/fpfix.c                0x00000000   Number         0  dfixul.o ABSOLUTE
    ../fplib/microlib/fpflt.c                0x00000000   Number         0  ffltui.o ABSOLUTE
    ../fplib/microlib/fpflt.c                0x00000000   Number         0  dflti.o ABSOLUTE
    ../fplib/microlib/fpmul.c                0x00000000   Number         0  fmul.o ABSOLUTE
    ../fplib/microlib/fpmul.c                0x00000000   Number         0  dmul.o ABSOLUTE
    ../fplib/microlib/fpscalb.c              0x00000000   Number         0  fscalb.o ABSOLUTE
    ../fplib/microlib/fpscalb.c              0x00000000   Number         0  dscalb.o ABSOLUTE
    ../fplib/microlib/fpsqrt.c               0x00000000   Number         0  dsqrt.o ABSOLUTE
    ../mathlib/dunder.c                      0x00000000   Number         0  dunder.o ABSOLUTE
    ../mathlib/fpclassify.c                  0x00000000   Number         0  fpclassify.o ABSOLUTE
    ../mathlib/poly.c                        0x00000000   Number         0  poly.o ABSOLUTE
    ../mathlib/pow.c                         0x00000000   Number         0  pow.o ABSOLUTE
    ../mathlib/pow.c                         0x00000000   Number         0  pow_x.o ABSOLUTE
    ../mathlib/qnan.c                        0x00000000   Number         0  qnan.o ABSOLUTE
    ../mathlib/sqrt.c                        0x00000000   Number         0  sqrt.o ABSOLUTE
    ../mathlib/sqrt.c                        0x00000000   Number         0  sqrt_x.o ABSOLUTE
    ..\Core\Src\adc.c                        0x00000000   Number         0  adc.o ABSOLUTE
    ..\Core\Src\gpio.c                       0x00000000   Number         0  gpio.o ABSOLUTE
    ..\Core\Src\main.c                       0x00000000   Number         0  main.o ABSOLUTE
    ..\Core\Src\stm32f1xx_hal_msp.c          0x00000000   Number         0  stm32f1xx_hal_msp.o ABSOLUTE
    ..\Core\Src\stm32f1xx_it.c               0x00000000   Number         0  stm32f1xx_it.o ABSOLUTE
    ..\Core\Src\system_stm32f1xx.c           0x00000000   Number         0  system_stm32f1xx.o ABSOLUTE
    ..\Core\Src\tim.c                        0x00000000   Number         0  tim.o ABSOLUTE
    ..\Core\Src\usart.c                      0x00000000   Number         0  usart.o ABSOLUTE
    ..\Drivers\STM32F1xx_HAL_Driver\Src\stm32f1xx_hal.c 0x00000000   Number         0  stm32f1xx_hal.o ABSOLUTE
    ..\Drivers\STM32F1xx_HAL_Driver\Src\stm32f1xx_hal_adc.c 0x00000000   Number         0  stm32f1xx_hal_adc.o ABSOLUTE
    ..\Drivers\STM32F1xx_HAL_Driver\Src\stm32f1xx_hal_adc_ex.c 0x00000000   Number         0  stm32f1xx_hal_adc_ex.o ABSOLUTE
    ..\Drivers\STM32F1xx_HAL_Driver\Src\stm32f1xx_hal_cortex.c 0x00000000   Number         0  stm32f1xx_hal_cortex.o ABSOLUTE
    ..\Drivers\STM32F1xx_HAL_Driver\Src\stm32f1xx_hal_dma.c 0x00000000   Number         0  stm32f1xx_hal_dma.o ABSOLUTE
    ..\Drivers\STM32F1xx_HAL_Driver\Src\stm32f1xx_hal_exti.c 0x00000000   Number         0  stm32f1xx_hal_exti.o ABSOLUTE
    ..\Drivers\STM32F1xx_HAL_Driver\Src\stm32f1xx_hal_flash.c 0x00000000   Number         0  stm32f1xx_hal_flash.o ABSOLUTE
    ..\Drivers\STM32F1xx_HAL_Driver\Src\stm32f1xx_hal_flash_ex.c 0x00000000   Number         0  stm32f1xx_hal_flash_ex.o ABSOLUTE
    ..\Drivers\STM32F1xx_HAL_Driver\Src\stm32f1xx_hal_gpio.c 0x00000000   Number         0  stm32f1xx_hal_gpio.o ABSOLUTE
    ..\Drivers\STM32F1xx_HAL_Driver\Src\stm32f1xx_hal_gpio_ex.c 0x00000000   Number         0  stm32f1xx_hal_gpio_ex.o ABSOLUTE
    ..\Drivers\STM32F1xx_HAL_Driver\Src\stm32f1xx_hal_pwr.c 0x00000000   Number         0  stm32f1xx_hal_pwr.o ABSOLUTE
    ..\Drivers\STM32F1xx_HAL_Driver\Src\stm32f1xx_hal_rcc.c 0x00000000   Number         0  stm32f1xx_hal_rcc.o ABSOLUTE
    ..\Drivers\STM32F1xx_HAL_Driver\Src\stm32f1xx_hal_rcc_ex.c 0x00000000   Number         0  stm32f1xx_hal_rcc_ex.o ABSOLUTE
    ..\Drivers\STM32F1xx_HAL_Driver\Src\stm32f1xx_hal_tim.c 0x00000000   Number         0  stm32f1xx_hal_tim.o ABSOLUTE
    ..\Drivers\STM32F1xx_HAL_Driver\Src\stm32f1xx_hal_tim_ex.c 0x00000000   Number         0  stm32f1xx_hal_tim_ex.o ABSOLUTE
    ..\Drivers\STM32F1xx_HAL_Driver\Src\stm32f1xx_hal_uart.c 0x00000000   Number         0  stm32f1xx_hal_uart.o ABSOLUTE
    ..\MyApp\buzzer.c                        0x00000000   Number         0  buzzer.o ABSOLUTE
    ..\MyApp\hc-sr501.c                      0x00000000   Number         0  hc-sr501.o ABSOLUTE
    ..\MyApp\mydht11.c                       0x00000000   Number         0  mydht11.o ABSOLUTE
    ..\MyApp\mymq-7.c                        0x00000000   Number         0  mymq-7.o ABSOLUTE
    ..\MyApp\myoled.c                        0x00000000   Number         0  myoled.o ABSOLUTE
    ..\\MyApp\\buzzer.c                      0x00000000   Number         0  buzzer.o ABSOLUTE
    ..\\MyApp\\hc-sr501.c                    0x00000000   Number         0  hc-sr501.o ABSOLUTE
    ..\\MyApp\\mydht11.c                     0x00000000   Number         0  mydht11.o ABSOLUTE
    ..\\MyApp\\mymq-7.c                      0x00000000   Number         0  mymq-7.o ABSOLUTE
    ..\\MyApp\\myoled.c                      0x00000000   Number         0  myoled.o ABSOLUTE
    cdcmple.s                                0x00000000   Number         0  cdcmple.o ABSOLUTE
    cdrcmple.s                               0x00000000   Number         0  cdrcmple.o ABSOLUTE
    dc.s                                     0x00000000   Number         0  dc.o ABSOLUTE
    handlers.s                               0x00000000   Number         0  handlers.o ABSOLUTE
    init.s                                   0x00000000   Number         0  init.o ABSOLUTE
    startup_stm32f103xb.s                    0x00000000   Number         0  startup_stm32f103xb.o ABSOLUTE
    RESET                                    0x08000000   Section      236  startup_stm32f103xb.o(RESET)
    .ARM.Collect$$$$00000000                 0x080000ec   Section        0  entry.o(.ARM.Collect$$$$00000000)
    .ARM.Collect$$$$00000001                 0x080000ec   Section        4  entry2.o(.ARM.Collect$$$$00000001)
    .ARM.Collect$$$$00000004                 0x080000f0   Section        4  entry5.o(.ARM.Collect$$$$00000004)
    .ARM.Collect$$$$00000008                 0x080000f4   Section        0  entry7b.o(.ARM.Collect$$$$00000008)
    .ARM.Collect$$$$0000000A                 0x080000f4   Section        0  entry8b.o(.ARM.Collect$$$$0000000A)
    .ARM.Collect$$$$0000000B                 0x080000f4   Section        8  entry9a.o(.ARM.Collect$$$$0000000B)
    .ARM.Collect$$$$0000000E                 0x080000fc   Section        4  entry12b.o(.ARM.Collect$$$$0000000E)
    .ARM.Collect$$$$0000000F                 0x08000100   Section        0  entry10a.o(.ARM.Collect$$$$0000000F)
    .ARM.Collect$$$$00000011                 0x08000100   Section        0  entry11a.o(.ARM.Collect$$$$00000011)
    .ARM.Collect$$$$00002712                 0x08000100   Section        4  entry2.o(.ARM.Collect$$$$00002712)
    __lit__00000000                          0x08000100   Data           4  entry2.o(.ARM.Collect$$$$00002712)
    .text                                    0x08000104   Section       36  startup_stm32f103xb.o(.text)
    .text                                    0x08000128   Section        0  llushr.o(.text)
    .text                                    0x08000148   Section        0  memseta.o(.text)
    .text                                    0x0800016c   Section        0  fadd.o(.text)
    .text                                    0x0800021c   Section        0  fmul.o(.text)
    .text                                    0x08000280   Section        0  fscalb.o(.text)
    .text                                    0x08000298   Section        0  ddiv.o(.text)
    .text                                    0x08000376   Section        0  dscalb.o(.text)
    .text                                    0x080003a4   Section        0  ffltui.o(.text)
    .text                                    0x080003ae   Section        0  ffixui.o(.text)
    .text                                    0x080003d6   Section        0  f2d.o(.text)
    .text                                    0x080003fc   Section        0  d2f.o(.text)
    .text                                    0x08000434   Section        0  uidiv.o(.text)
    .text                                    0x08000460   Section        0  uldiv.o(.text)
    .text                                    0x080004c2   Section        0  fepilogue.o(.text)
    .text                                    0x080004c2   Section        0  iusefp.o(.text)
    .text                                    0x08000530   Section        0  depilogue.o(.text)
    .text                                    0x080005ea   Section        0  dadd.o(.text)
    .text                                    0x08000738   Section        0  dmul.o(.text)
    .text                                    0x0800081c   Section        0  dflti.o(.text)
    .text                                    0x0800083e   Section        0  dfixul.o(.text)
    .text                                    0x08000870   Section       48  cdrcmple.o(.text)
    .text                                    0x080008a0   Section       36  init.o(.text)
    .text                                    0x080008c4   Section        0  llshl.o(.text)
    .text                                    0x080008e2   Section        0  llsshr.o(.text)
    .text                                    0x08000906   Section        0  dsqrt.o(.text)
    i.ADC_ConversionStop_Disable             0x080009a8   Section        0  stm32f1xx_hal_adc.o(i.ADC_ConversionStop_Disable)
    i.ADC_Enable                             0x08000a00   Section        0  stm32f1xx_hal_adc.o(i.ADC_Enable)
    i.BusFault_Handler                       0x08000a7c   Section        0  stm32f1xx_it.o(i.BusFault_Handler)
    i.Buzzer_Off                             0x08000a80   Section        0  buzzer.o(i.Buzzer_Off)
    i.Buzzer_On                              0x08000a90   Section        0  buzzer.o(i.Buzzer_On)
    i.Buzzer_Task                            0x08000aa0   Section        0  buzzer.o(i.Buzzer_Task)
    i.DHT11_Check                            0x08000abc   Section        0  mydht11.o(i.DHT11_Check)
    i.DHT11_Init                             0x08000b24   Section        0  mydht11.o(i.DHT11_Init)
    i.DHT11_Read_Bit                         0x08000b80   Section        0  mydht11.o(i.DHT11_Read_Bit)
    i.DHT11_Read_Byte                        0x08000bdc   Section        0  mydht11.o(i.DHT11_Read_Byte)
    i.DHT11_Read_Data                        0x08000bf8   Section        0  mydht11.o(i.DHT11_Read_Data)
    i.DHT11_Rst                              0x08000c4c   Section        0  mydht11.o(i.DHT11_Rst)
    i.DebugMon_Handler                       0x08000c8c   Section        0  stm32f1xx_it.o(i.DebugMon_Handler)
    i.Delay_us                               0x08000c90   Section        0  mydht11.o(i.Delay_us)
    i.Error_Handler                          0x08000cc0   Section        0  main.o(i.Error_Handler)
    i.HAL_ADCEx_Calibration_Start            0x08000cc4   Section        0  stm32f1xx_hal_adc_ex.o(i.HAL_ADCEx_Calibration_Start)
    i.HAL_ADC_ConfigChannel                  0x08000d9c   Section        0  stm32f1xx_hal_adc.o(i.HAL_ADC_ConfigChannel)
    i.HAL_ADC_GetValue                       0x08000e98   Section        0  stm32f1xx_hal_adc.o(i.HAL_ADC_GetValue)
    i.HAL_ADC_Init                           0x08000ea0   Section        0  stm32f1xx_hal_adc.o(i.HAL_ADC_Init)
    i.HAL_ADC_MspInit                        0x08000fbc   Section        0  adc.o(i.HAL_ADC_MspInit)
    i.HAL_ADC_PollForConversion              0x08001014   Section        0  stm32f1xx_hal_adc.o(i.HAL_ADC_PollForConversion)
    i.HAL_ADC_Start                          0x08001150   Section        0  stm32f1xx_hal_adc.o(i.HAL_ADC_Start)
    i.HAL_Delay                              0x08001210   Section        0  stm32f1xx_hal.o(i.HAL_Delay)
    i.HAL_GPIO_Init                          0x08001234   Section        0  stm32f1xx_hal_gpio.o(i.HAL_GPIO_Init)
    i.HAL_GPIO_ReadPin                       0x08001414   Section        0  stm32f1xx_hal_gpio.o(i.HAL_GPIO_ReadPin)
    i.HAL_GPIO_WritePin                      0x0800141e   Section        0  stm32f1xx_hal_gpio.o(i.HAL_GPIO_WritePin)
    i.HAL_GetTick                            0x08001428   Section        0  stm32f1xx_hal.o(i.HAL_GetTick)
    i.HAL_IncTick                            0x08001434   Section        0  stm32f1xx_hal.o(i.HAL_IncTick)
    i.HAL_Init                               0x08001444   Section        0  stm32f1xx_hal.o(i.HAL_Init)
    i.HAL_InitTick                           0x08001468   Section        0  stm32f1xx_hal.o(i.HAL_InitTick)
    i.HAL_MspInit                            0x080014a8   Section        0  stm32f1xx_hal_msp.o(i.HAL_MspInit)
    i.HAL_NVIC_SetPriority                   0x080014e4   Section        0  stm32f1xx_hal_cortex.o(i.HAL_NVIC_SetPriority)
    i.HAL_NVIC_SetPriorityGrouping           0x08001524   Section        0  stm32f1xx_hal_cortex.o(i.HAL_NVIC_SetPriorityGrouping)
    i.HAL_RCCEx_GetPeriphCLKFreq             0x08001548   Section        0  stm32f1xx_hal_rcc_ex.o(i.HAL_RCCEx_GetPeriphCLKFreq)
    i.HAL_RCCEx_PeriphCLKConfig              0x080015ec   Section        0  stm32f1xx_hal_rcc_ex.o(i.HAL_RCCEx_PeriphCLKConfig)
    i.HAL_RCC_ClockConfig                    0x080016d8   Section        0  stm32f1xx_hal_rcc.o(i.HAL_RCC_ClockConfig)
    i.HAL_RCC_GetPCLK1Freq                   0x08001804   Section        0  stm32f1xx_hal_rcc.o(i.HAL_RCC_GetPCLK1Freq)
    i.HAL_RCC_GetPCLK2Freq                   0x08001824   Section        0  stm32f1xx_hal_rcc.o(i.HAL_RCC_GetPCLK2Freq)
    i.HAL_RCC_GetSysClockFreq                0x08001844   Section        0  stm32f1xx_hal_rcc.o(i.HAL_RCC_GetSysClockFreq)
    i.HAL_RCC_OscConfig                      0x08001890   Section        0  stm32f1xx_hal_rcc.o(i.HAL_RCC_OscConfig)
    i.HAL_SYSTICK_Config                     0x08001bb0   Section        0  stm32f1xx_hal_cortex.o(i.HAL_SYSTICK_Config)
    i.HAL_TIMEx_MasterConfigSynchronization  0x08001bd8   Section        0  stm32f1xx_hal_tim_ex.o(i.HAL_TIMEx_MasterConfigSynchronization)
    i.HAL_TIM_Base_Init                      0x08001c40   Section        0  stm32f1xx_hal_tim.o(i.HAL_TIM_Base_Init)
    i.HAL_TIM_Base_MspInit                   0x08001c9c   Section        0  tim.o(i.HAL_TIM_Base_MspInit)
    i.HAL_TIM_Base_Start                     0x08001cc4   Section        0  stm32f1xx_hal_tim.o(i.HAL_TIM_Base_Start)
    i.HAL_TIM_Base_Stop                      0x08001d14   Section        0  stm32f1xx_hal_tim.o(i.HAL_TIM_Base_Stop)
    i.HAL_TIM_ConfigClockSource              0x08001d3a   Section        0  stm32f1xx_hal_tim.o(i.HAL_TIM_ConfigClockSource)
    i.HAL_UART_Init                          0x08001e16   Section        0  stm32f1xx_hal_uart.o(i.HAL_UART_Init)
    i.HAL_UART_MspInit                       0x08001e7c   Section        0  usart.o(i.HAL_UART_MspInit)
    i.HAL_UART_Transmit                      0x08001eec   Section        0  stm32f1xx_hal_uart.o(i.HAL_UART_Transmit)
    i.HardFault_Handler                      0x08001f8c   Section        0  stm32f1xx_it.o(i.HardFault_Handler)
    i.MX_ADC1_Init                           0x08001f90   Section        0  adc.o(i.MX_ADC1_Init)
    i.MX_GPIO_Init                           0x08001fdc   Section        0  gpio.o(i.MX_GPIO_Init)
    i.MX_TIM1_Init                           0x08002098   Section        0  tim.o(i.MX_TIM1_Init)
    i.MX_USART1_UART_Init                    0x08002100   Section        0  usart.o(i.MX_USART1_UART_Init)
    i.MemManage_Handler                      0x08002138   Section        0  stm32f1xx_it.o(i.MemManage_Handler)
    i.NMI_Handler                            0x0800213a   Section        0  stm32f1xx_it.o(i.NMI_Handler)
    i.OLED_Clear                             0x0800213c   Section        0  myoled.o(i.OLED_Clear)
    i.OLED_I2C_Init                          0x08002164   Section        0  myoled.o(i.OLED_I2C_Init)
    i.OLED_I2C_SendByte                      0x08002188   Section        0  myoled.o(i.OLED_I2C_SendByte)
    i.OLED_I2C_Start                         0x080021ec   Section        0  myoled.o(i.OLED_I2C_Start)
    i.OLED_I2C_Stop                          0x08002224   Section        0  myoled.o(i.OLED_I2C_Stop)
    i.OLED_Init                              0x08002254   Section        0  myoled.o(i.OLED_Init)
    i.OLED_Pow                               0x08002300   Section        0  myoled.o(i.OLED_Pow)
    i.OLED_SetCursor                         0x0800230e   Section        0  myoled.o(i.OLED_SetCursor)
    i.OLED_ShowChar                          0x08002330   Section        0  myoled.o(i.OLED_ShowChar)
    i.OLED_ShowNum                           0x08002398   Section        0  myoled.o(i.OLED_ShowNum)
    i.OLED_ShowString                        0x080023da   Section        0  myoled.o(i.OLED_ShowString)
    i.OLED_WriteCommand                      0x08002400   Section        0  myoled.o(i.OLED_WriteCommand)
    i.OLED_WriteData                         0x08002422   Section        0  myoled.o(i.OLED_WriteData)
    i.PendSV_Handler                         0x08002444   Section        0  stm32f1xx_it.o(i.PendSV_Handler)
    i.SVC_Handler                            0x08002446   Section        0  stm32f1xx_it.o(i.SVC_Handler)
    i.SysTick_Handler                        0x08002448   Section        0  stm32f1xx_it.o(i.SysTick_Handler)
    i.SystemClock_Config                     0x0800244c   Section        0  main.o(i.SystemClock_Config)
    i.SystemInit                             0x080024c4   Section        0  system_stm32f1xx.o(i.SystemInit)
    i.TIM_Base_SetConfig                     0x080024c8   Section        0  stm32f1xx_hal_tim.o(i.TIM_Base_SetConfig)
    i.TIM_ETR_SetConfig                      0x08002540   Section        0  stm32f1xx_hal_tim.o(i.TIM_ETR_SetConfig)
    i.TIM_ITRx_SetConfig                     0x08002554   Section        0  stm32f1xx_hal_tim.o(i.TIM_ITRx_SetConfig)
    TIM_ITRx_SetConfig                       0x08002555   Thumb Code    16  stm32f1xx_hal_tim.o(i.TIM_ITRx_SetConfig)
    i.TIM_TI1_ConfigInputStage               0x08002564   Section        0  stm32f1xx_hal_tim.o(i.TIM_TI1_ConfigInputStage)
    TIM_TI1_ConfigInputStage                 0x08002565   Thumb Code    34  stm32f1xx_hal_tim.o(i.TIM_TI1_ConfigInputStage)
    i.TIM_TI2_ConfigInputStage               0x08002586   Section        0  stm32f1xx_hal_tim.o(i.TIM_TI2_ConfigInputStage)
    TIM_TI2_ConfigInputStage                 0x08002587   Thumb Code    36  stm32f1xx_hal_tim.o(i.TIM_TI2_ConfigInputStage)
    i.UART_EndRxTransfer                     0x080025aa   Section        0  stm32f1xx_hal_uart.o(i.UART_EndRxTransfer)
    UART_EndRxTransfer                       0x080025ab   Thumb Code    78  stm32f1xx_hal_uart.o(i.UART_EndRxTransfer)
    i.UART_SetConfig                         0x080025f8   Section        0  stm32f1xx_hal_uart.o(i.UART_SetConfig)
    UART_SetConfig                           0x080025f9   Thumb Code   178  stm32f1xx_hal_uart.o(i.UART_SetConfig)
    i.UART_WaitOnFlagUntilTimeout            0x080026b0   Section        0  stm32f1xx_hal_uart.o(i.UART_WaitOnFlagUntilTimeout)
    UART_WaitOnFlagUntilTimeout              0x080026b1   Thumb Code   114  stm32f1xx_hal_uart.o(i.UART_WaitOnFlagUntilTimeout)
    i.UsageFault_Handler                     0x08002722   Section        0  stm32f1xx_it.o(i.UsageFault_Handler)
    i.__0vsnprintf                           0x08002724   Section        0  printfa.o(i.__0vsnprintf)
    i.__ARM_fpclassify                       0x08002758   Section        0  fpclassify.o(i.__ARM_fpclassify)
    i.__NVIC_SetPriority                     0x08002780   Section        0  stm32f1xx_hal_cortex.o(i.__NVIC_SetPriority)
    __NVIC_SetPriority                       0x08002781   Thumb Code    32  stm32f1xx_hal_cortex.o(i.__NVIC_SetPriority)
    i.__kernel_poly                          0x080027a0   Section        0  poly.o(i.__kernel_poly)
    i.__mathlib_dbl_divzero                  0x0800284c   Section        0  dunder.o(i.__mathlib_dbl_divzero)
    i.__mathlib_dbl_infnan2                  0x0800285c   Section        0  dunder.o(i.__mathlib_dbl_infnan2)
    i.__mathlib_dbl_invalid                  0x08002860   Section        0  dunder.o(i.__mathlib_dbl_invalid)
    i.__mathlib_dbl_overflow                 0x0800286c   Section        0  dunder.o(i.__mathlib_dbl_overflow)
    i.__mathlib_dbl_underflow                0x0800287c   Section        0  dunder.o(i.__mathlib_dbl_underflow)
    i.__scatterload_copy                     0x0800288c   Section       14  handlers.o(i.__scatterload_copy)
    i.__scatterload_null                     0x0800289a   Section        2  handlers.o(i.__scatterload_null)
    i.__scatterload_zeroinit                 0x0800289c   Section       14  handlers.o(i.__scatterload_zeroinit)
    i.__set_errno                            0x080028ac   Section        0  errno.o(i.__set_errno)
    i._fp_digits                             0x080028b8   Section        0  printfa.o(i._fp_digits)
    _fp_digits                               0x080028b9   Thumb Code   366  printfa.o(i._fp_digits)
    i._printf_core                           0x08002a3c   Section        0  printfa.o(i._printf_core)
    _printf_core                             0x08002a3d   Thumb Code  1704  printfa.o(i._printf_core)
    i._printf_post_padding                   0x080030f0   Section        0  printfa.o(i._printf_post_padding)
    _printf_post_padding                     0x080030f1   Thumb Code    36  printfa.o(i._printf_post_padding)
    i._printf_pre_padding                    0x08003114   Section        0  printfa.o(i._printf_pre_padding)
    _printf_pre_padding                      0x08003115   Thumb Code    46  printfa.o(i._printf_pre_padding)
    i._snputc                                0x08003142   Section        0  printfa.o(i._snputc)
    _snputc                                  0x08003143   Thumb Code    22  printfa.o(i._snputc)
    i.dht11_task                             0x08003158   Section        0  mydht11.o(i.dht11_task)
    i.hc_sr501_task                          0x080031c0   Section        0  hc-sr501.o(i.hc_sr501_task)
    i.main                                   0x08003210   Section        0  main.o(i.main)
    i.mq7_task                               0x08003260   Section        0  mymq-7.o(i.mq7_task)
    i.my_printf                              0x08003380   Section        0  usart.o(i.my_printf)
    i.oled_task                              0x080033b4   Section        0  myoled.o(i.oled_task)
    i.pow                                    0x080034b4   Section        0  pow.o(i.pow)
    i.sqrt                                   0x08003e8c   Section        0  sqrt.o(i.sqrt)
    .constdata                               0x08003ed8   Section       18  stm32f1xx_hal_rcc.o(.constdata)
    aPredivFactorTable                       0x08003ed8   Data           2  stm32f1xx_hal_rcc.o(.constdata)
    aPLLMULFactorTable                       0x08003eda   Data          16  stm32f1xx_hal_rcc.o(.constdata)
    .constdata                               0x08003eea   Section       18  stm32f1xx_hal_rcc_ex.o(.constdata)
    aPredivFactorTable                       0x08003eea   Data           2  stm32f1xx_hal_rcc_ex.o(.constdata)
    aPLLMULFactorTable                       0x08003eec   Data          16  stm32f1xx_hal_rcc_ex.o(.constdata)
    .constdata                               0x08003efc   Section       16  system_stm32f1xx.o(.constdata)
    .constdata                               0x08003f0c   Section        8  system_stm32f1xx.o(.constdata)
    .constdata                               0x08003f14   Section     1520  myoled.o(.constdata)
    .constdata                               0x08004508   Section      136  pow.o(.constdata)
    bp                                       0x08004508   Data          16  pow.o(.constdata)
    dp_h                                     0x08004518   Data          16  pow.o(.constdata)
    dp_l                                     0x08004528   Data          16  pow.o(.constdata)
    L                                        0x08004538   Data          48  pow.o(.constdata)
    P                                        0x08004568   Data          40  pow.o(.constdata)
    .constdata                               0x08004590   Section        8  qnan.o(.constdata)
    .data                                    0x20000000   Section        1  main.o(.data)
    .data                                    0x20000001   Section        1  main.o(.data)
    .data                                    0x20000004   Section       12  stm32f1xx_hal.o(.data)
    .data                                    0x20000010   Section        4  system_stm32f1xx.o(.data)
    .data                                    0x20000014   Section        2  mydht11.o(.data)
    .data                                    0x20000018   Section        8  mymq-7.o(.data)
    .data                                    0x20000020   Section        1  hc-sr501.o(.data)
    .data                                    0x20000024   Section        4  errno.o(.data)
    _errno                                   0x20000024   Data           4  errno.o(.data)
    .bss                                     0x20000028   Section       48  adc.o(.bss)
    .bss                                     0x20000058   Section       72  tim.o(.bss)
    .bss                                     0x200000a0   Section       72  usart.o(.bss)
    STACK                                    0x200000e8   Section     1024  startup_stm32f103xb.o(STACK)

    Global Symbols

    Symbol Name                              Value     Ov Type        Size  Object(Section)

    BuildAttributes$$THM_ISAv4$P$D$K$B$S$PE$A:L22UL41UL21$X:L11$S22US41US21$IEEE1$IW$USESV6$~STKCKD$USESV7$~SHL$OTIME$ROPI$IEEEX$EBA8$MICROLIB$REQ8$PRES8$EABIv2 0x00000000   Number         0  anon$$obj.o ABSOLUTE
    __ARM_use_no_argv                        0x00000000   Number         0  main.o ABSOLUTE
    __arm_fini_                               - Undefined Weak Reference
    __cpp_initialize__aeabi_                  - Undefined Weak Reference
    __cxa_finalize                            - Undefined Weak Reference
    __decompress                              - Undefined Weak Reference
    _clock_init                               - Undefined Weak Reference
    _microlib_exit                            - Undefined Weak Reference
    __Vectors_Size                           0x000000ec   Number         0  startup_stm32f103xb.o ABSOLUTE
    __Vectors                                0x08000000   Data           4  startup_stm32f103xb.o(RESET)
    __Vectors_End                            0x080000ec   Data           0  startup_stm32f103xb.o(RESET)
    __main                                   0x080000ed   Thumb Code     0  entry.o(.ARM.Collect$$$$00000000)
    _main_stk                                0x080000ed   Thumb Code     0  entry2.o(.ARM.Collect$$$$00000001)
    _main_scatterload                        0x080000f1   Thumb Code     0  entry5.o(.ARM.Collect$$$$00000004)
    __main_after_scatterload                 0x080000f5   Thumb Code     0  entry5.o(.ARM.Collect$$$$00000004)
    _main_clock                              0x080000f5   Thumb Code     0  entry7b.o(.ARM.Collect$$$$00000008)
    _main_cpp_init                           0x080000f5   Thumb Code     0  entry8b.o(.ARM.Collect$$$$0000000A)
    _main_init                               0x080000f5   Thumb Code     0  entry9a.o(.ARM.Collect$$$$0000000B)
    __rt_lib_shutdown_fini                   0x080000fd   Thumb Code     0  entry12b.o(.ARM.Collect$$$$0000000E)
    __rt_final_cpp                           0x08000101   Thumb Code     0  entry10a.o(.ARM.Collect$$$$0000000F)
    __rt_final_exit                          0x08000101   Thumb Code     0  entry11a.o(.ARM.Collect$$$$00000011)
    Reset_Handler                            0x08000105   Thumb Code     8  startup_stm32f103xb.o(.text)
    ADC1_2_IRQHandler                        0x0800011f   Thumb Code     0  startup_stm32f103xb.o(.text)
    CAN1_RX1_IRQHandler                      0x0800011f   Thumb Code     0  startup_stm32f103xb.o(.text)
    CAN1_SCE_IRQHandler                      0x0800011f   Thumb Code     0  startup_stm32f103xb.o(.text)
    DMA1_Channel1_IRQHandler                 0x0800011f   Thumb Code     0  startup_stm32f103xb.o(.text)
    DMA1_Channel2_IRQHandler                 0x0800011f   Thumb Code     0  startup_stm32f103xb.o(.text)
    DMA1_Channel3_IRQHandler                 0x0800011f   Thumb Code     0  startup_stm32f103xb.o(.text)
    DMA1_Channel4_IRQHandler                 0x0800011f   Thumb Code     0  startup_stm32f103xb.o(.text)
    DMA1_Channel5_IRQHandler                 0x0800011f   Thumb Code     0  startup_stm32f103xb.o(.text)
    DMA1_Channel6_IRQHandler                 0x0800011f   Thumb Code     0  startup_stm32f103xb.o(.text)
    DMA1_Channel7_IRQHandler                 0x0800011f   Thumb Code     0  startup_stm32f103xb.o(.text)
    EXTI0_IRQHandler                         0x0800011f   Thumb Code     0  startup_stm32f103xb.o(.text)
    EXTI15_10_IRQHandler                     0x0800011f   Thumb Code     0  startup_stm32f103xb.o(.text)
    EXTI1_IRQHandler                         0x0800011f   Thumb Code     0  startup_stm32f103xb.o(.text)
    EXTI2_IRQHandler                         0x0800011f   Thumb Code     0  startup_stm32f103xb.o(.text)
    EXTI3_IRQHandler                         0x0800011f   Thumb Code     0  startup_stm32f103xb.o(.text)
    EXTI4_IRQHandler                         0x0800011f   Thumb Code     0  startup_stm32f103xb.o(.text)
    EXTI9_5_IRQHandler                       0x0800011f   Thumb Code     0  startup_stm32f103xb.o(.text)
    FLASH_IRQHandler                         0x0800011f   Thumb Code     0  startup_stm32f103xb.o(.text)
    I2C1_ER_IRQHandler                       0x0800011f   Thumb Code     0  startup_stm32f103xb.o(.text)
    I2C1_EV_IRQHandler                       0x0800011f   Thumb Code     0  startup_stm32f103xb.o(.text)
    I2C2_ER_IRQHandler                       0x0800011f   Thumb Code     0  startup_stm32f103xb.o(.text)
    I2C2_EV_IRQHandler                       0x0800011f   Thumb Code     0  startup_stm32f103xb.o(.text)
    PVD_IRQHandler                           0x0800011f   Thumb Code     0  startup_stm32f103xb.o(.text)
    RCC_IRQHandler                           0x0800011f   Thumb Code     0  startup_stm32f103xb.o(.text)
    RTC_Alarm_IRQHandler                     0x0800011f   Thumb Code     0  startup_stm32f103xb.o(.text)
    RTC_IRQHandler                           0x0800011f   Thumb Code     0  startup_stm32f103xb.o(.text)
    SPI1_IRQHandler                          0x0800011f   Thumb Code     0  startup_stm32f103xb.o(.text)
    SPI2_IRQHandler                          0x0800011f   Thumb Code     0  startup_stm32f103xb.o(.text)
    TAMPER_IRQHandler                        0x0800011f   Thumb Code     0  startup_stm32f103xb.o(.text)
    TIM1_BRK_IRQHandler                      0x0800011f   Thumb Code     0  startup_stm32f103xb.o(.text)
    TIM1_CC_IRQHandler                       0x0800011f   Thumb Code     0  startup_stm32f103xb.o(.text)
    TIM1_TRG_COM_IRQHandler                  0x0800011f   Thumb Code     0  startup_stm32f103xb.o(.text)
    TIM1_UP_IRQHandler                       0x0800011f   Thumb Code     0  startup_stm32f103xb.o(.text)
    TIM2_IRQHandler                          0x0800011f   Thumb Code     0  startup_stm32f103xb.o(.text)
    TIM3_IRQHandler                          0x0800011f   Thumb Code     0  startup_stm32f103xb.o(.text)
    TIM4_IRQHandler                          0x0800011f   Thumb Code     0  startup_stm32f103xb.o(.text)
    USART1_IRQHandler                        0x0800011f   Thumb Code     0  startup_stm32f103xb.o(.text)
    USART2_IRQHandler                        0x0800011f   Thumb Code     0  startup_stm32f103xb.o(.text)
    USART3_IRQHandler                        0x0800011f   Thumb Code     0  startup_stm32f103xb.o(.text)
    USBWakeUp_IRQHandler                     0x0800011f   Thumb Code     0  startup_stm32f103xb.o(.text)
    USB_HP_CAN1_TX_IRQHandler                0x0800011f   Thumb Code     0  startup_stm32f103xb.o(.text)
    USB_LP_CAN1_RX0_IRQHandler               0x0800011f   Thumb Code     0  startup_stm32f103xb.o(.text)
    WWDG_IRQHandler                          0x0800011f   Thumb Code     0  startup_stm32f103xb.o(.text)
    __aeabi_llsr                             0x08000129   Thumb Code    32  llushr.o(.text)
    _ll_ushift_r                             0x08000129   Thumb Code     0  llushr.o(.text)
    __aeabi_memset                           0x08000149   Thumb Code    14  memseta.o(.text)
    __aeabi_memset4                          0x08000149   Thumb Code     0  memseta.o(.text)
    __aeabi_memset8                          0x08000149   Thumb Code     0  memseta.o(.text)
    __aeabi_memclr                           0x08000157   Thumb Code     4  memseta.o(.text)
    __aeabi_memclr4                          0x08000157   Thumb Code     0  memseta.o(.text)
    __aeabi_memclr8                          0x08000157   Thumb Code     0  memseta.o(.text)
    _memset$wrapper                          0x0800015b   Thumb Code    18  memseta.o(.text)
    __aeabi_fadd                             0x0800016d   Thumb Code   164  fadd.o(.text)
    __aeabi_fsub                             0x08000211   Thumb Code     6  fadd.o(.text)
    __aeabi_frsub                            0x08000217   Thumb Code     6  fadd.o(.text)
    __aeabi_fmul                             0x0800021d   Thumb Code   100  fmul.o(.text)
    __ARM_scalbnf                            0x08000281   Thumb Code    24  fscalb.o(.text)
    scalbnf                                  0x08000281   Thumb Code     0  fscalb.o(.text)
    __aeabi_ddiv                             0x08000299   Thumb Code   222  ddiv.o(.text)
    __ARM_scalbn                             0x08000377   Thumb Code    46  dscalb.o(.text)
    scalbn                                   0x08000377   Thumb Code     0  dscalb.o(.text)
    __aeabi_ui2f                             0x080003a5   Thumb Code    10  ffltui.o(.text)
    __aeabi_f2uiz                            0x080003af   Thumb Code    40  ffixui.o(.text)
    __aeabi_f2d                              0x080003d7   Thumb Code    38  f2d.o(.text)
    __aeabi_d2f                              0x080003fd   Thumb Code    56  d2f.o(.text)
    __aeabi_uidiv                            0x08000435   Thumb Code     0  uidiv.o(.text)
    __aeabi_uidivmod                         0x08000435   Thumb Code    44  uidiv.o(.text)
    __aeabi_uldivmod                         0x08000461   Thumb Code    98  uldiv.o(.text)
    __I$use$fp                               0x080004c3   Thumb Code     0  iusefp.o(.text)
    _float_round                             0x080004c3   Thumb Code    18  fepilogue.o(.text)
    _float_epilogue                          0x080004d5   Thumb Code    92  fepilogue.o(.text)
    _double_round                            0x08000531   Thumb Code    30  depilogue.o(.text)
    _double_epilogue                         0x0800054f   Thumb Code   156  depilogue.o(.text)
    __aeabi_dadd                             0x080005eb   Thumb Code   322  dadd.o(.text)
    __aeabi_dsub                             0x0800072d   Thumb Code     6  dadd.o(.text)
    __aeabi_drsub                            0x08000733   Thumb Code     6  dadd.o(.text)
    __aeabi_dmul                             0x08000739   Thumb Code   228  dmul.o(.text)
    __aeabi_i2d                              0x0800081d   Thumb Code    34  dflti.o(.text)
    __aeabi_d2ulz                            0x0800083f   Thumb Code    48  dfixul.o(.text)
    __aeabi_cdrcmple                         0x08000871   Thumb Code    48  cdrcmple.o(.text)
    __scatterload                            0x080008a1   Thumb Code    28  init.o(.text)
    __scatterload_rt2                        0x080008a1   Thumb Code     0  init.o(.text)
    __aeabi_llsl                             0x080008c5   Thumb Code    30  llshl.o(.text)
    _ll_shift_l                              0x080008c5   Thumb Code     0  llshl.o(.text)
    __aeabi_lasr                             0x080008e3   Thumb Code    36  llsshr.o(.text)
    _ll_sshift_r                             0x080008e3   Thumb Code     0  llsshr.o(.text)
    _dsqrt                                   0x08000907   Thumb Code   162  dsqrt.o(.text)
    ADC_ConversionStop_Disable               0x080009a9   Thumb Code    86  stm32f1xx_hal_adc.o(i.ADC_ConversionStop_Disable)
    ADC_Enable                               0x08000a01   Thumb Code   114  stm32f1xx_hal_adc.o(i.ADC_Enable)
    BusFault_Handler                         0x08000a7d   Thumb Code     2  stm32f1xx_it.o(i.BusFault_Handler)
    Buzzer_Off                               0x08000a81   Thumb Code    10  buzzer.o(i.Buzzer_Off)
    Buzzer_On                                0x08000a91   Thumb Code    12  buzzer.o(i.Buzzer_On)
    Buzzer_Task                              0x08000aa1   Thumb Code    20  buzzer.o(i.Buzzer_Task)
    DHT11_Check                              0x08000abd   Thumb Code   100  mydht11.o(i.DHT11_Check)
    DHT11_Init                               0x08000b25   Thumb Code    78  mydht11.o(i.DHT11_Init)
    DHT11_Read_Bit                           0x08000b81   Thumb Code    86  mydht11.o(i.DHT11_Read_Bit)
    DHT11_Read_Byte                          0x08000bdd   Thumb Code    26  mydht11.o(i.DHT11_Read_Byte)
    DHT11_Read_Data                          0x08000bf9   Thumb Code    82  mydht11.o(i.DHT11_Read_Data)
    DHT11_Rst                                0x08000c4d   Thumb Code    60  mydht11.o(i.DHT11_Rst)
    DebugMon_Handler                         0x08000c8d   Thumb Code     2  stm32f1xx_it.o(i.DebugMon_Handler)
    Delay_us                                 0x08000c91   Thumb Code    44  mydht11.o(i.Delay_us)
    Error_Handler                            0x08000cc1   Thumb Code     4  main.o(i.Error_Handler)
    HAL_ADCEx_Calibration_Start              0x08000cc5   Thumb Code   210  stm32f1xx_hal_adc_ex.o(i.HAL_ADCEx_Calibration_Start)
    HAL_ADC_ConfigChannel                    0x08000d9d   Thumb Code   240  stm32f1xx_hal_adc.o(i.HAL_ADC_ConfigChannel)
    HAL_ADC_GetValue                         0x08000e99   Thumb Code     6  stm32f1xx_hal_adc.o(i.HAL_ADC_GetValue)
    HAL_ADC_Init                             0x08000ea1   Thumb Code   272  stm32f1xx_hal_adc.o(i.HAL_ADC_Init)
    HAL_ADC_MspInit                          0x08000fbd   Thumb Code    76  adc.o(i.HAL_ADC_MspInit)
    HAL_ADC_PollForConversion                0x08001015   Thumb Code   304  stm32f1xx_hal_adc.o(i.HAL_ADC_PollForConversion)
    HAL_ADC_Start                            0x08001151   Thumb Code   184  stm32f1xx_hal_adc.o(i.HAL_ADC_Start)
    HAL_Delay                                0x08001211   Thumb Code    32  stm32f1xx_hal.o(i.HAL_Delay)
    HAL_GPIO_Init                            0x08001235   Thumb Code   446  stm32f1xx_hal_gpio.o(i.HAL_GPIO_Init)
    HAL_GPIO_ReadPin                         0x08001415   Thumb Code    10  stm32f1xx_hal_gpio.o(i.HAL_GPIO_ReadPin)
    HAL_GPIO_WritePin                        0x0800141f   Thumb Code    10  stm32f1xx_hal_gpio.o(i.HAL_GPIO_WritePin)
    HAL_GetTick                              0x08001429   Thumb Code     6  stm32f1xx_hal.o(i.HAL_GetTick)
    HAL_IncTick                              0x08001435   Thumb Code    12  stm32f1xx_hal.o(i.HAL_IncTick)
    HAL_Init                                 0x08001445   Thumb Code    32  stm32f1xx_hal.o(i.HAL_Init)
    HAL_InitTick                             0x08001469   Thumb Code    54  stm32f1xx_hal.o(i.HAL_InitTick)
    HAL_MspInit                              0x080014a9   Thumb Code    52  stm32f1xx_hal_msp.o(i.HAL_MspInit)
    HAL_NVIC_SetPriority                     0x080014e5   Thumb Code    60  stm32f1xx_hal_cortex.o(i.HAL_NVIC_SetPriority)
    HAL_NVIC_SetPriorityGrouping             0x08001525   Thumb Code    26  stm32f1xx_hal_cortex.o(i.HAL_NVIC_SetPriorityGrouping)
    HAL_RCCEx_GetPeriphCLKFreq               0x08001549   Thumb Code   148  stm32f1xx_hal_rcc_ex.o(i.HAL_RCCEx_GetPeriphCLKFreq)
    HAL_RCCEx_PeriphCLKConfig                0x080015ed   Thumb Code   224  stm32f1xx_hal_rcc_ex.o(i.HAL_RCCEx_PeriphCLKConfig)
    HAL_RCC_ClockConfig                      0x080016d9   Thumb Code   280  stm32f1xx_hal_rcc.o(i.HAL_RCC_ClockConfig)
    HAL_RCC_GetPCLK1Freq                     0x08001805   Thumb Code    20  stm32f1xx_hal_rcc.o(i.HAL_RCC_GetPCLK1Freq)
    HAL_RCC_GetPCLK2Freq                     0x08001825   Thumb Code    20  stm32f1xx_hal_rcc.o(i.HAL_RCC_GetPCLK2Freq)
    HAL_RCC_GetSysClockFreq                  0x08001845   Thumb Code    58  stm32f1xx_hal_rcc.o(i.HAL_RCC_GetSysClockFreq)
    HAL_RCC_OscConfig                        0x08001891   Thumb Code   778  stm32f1xx_hal_rcc.o(i.HAL_RCC_OscConfig)
    HAL_SYSTICK_Config                       0x08001bb1   Thumb Code    40  stm32f1xx_hal_cortex.o(i.HAL_SYSTICK_Config)
    HAL_TIMEx_MasterConfigSynchronization    0x08001bd9   Thumb Code    92  stm32f1xx_hal_tim_ex.o(i.HAL_TIMEx_MasterConfigSynchronization)
    HAL_TIM_Base_Init                        0x08001c41   Thumb Code    90  stm32f1xx_hal_tim.o(i.HAL_TIM_Base_Init)
    HAL_TIM_Base_MspInit                     0x08001c9d   Thumb Code    30  tim.o(i.HAL_TIM_Base_MspInit)
    HAL_TIM_Base_Start                       0x08001cc5   Thumb Code    66  stm32f1xx_hal_tim.o(i.HAL_TIM_Base_Start)
    HAL_TIM_Base_Stop                        0x08001d15   Thumb Code    38  stm32f1xx_hal_tim.o(i.HAL_TIM_Base_Stop)
    HAL_TIM_ConfigClockSource                0x08001d3b   Thumb Code   220  stm32f1xx_hal_tim.o(i.HAL_TIM_ConfigClockSource)
    HAL_UART_Init                            0x08001e17   Thumb Code   100  stm32f1xx_hal_uart.o(i.HAL_UART_Init)
    HAL_UART_MspInit                         0x08001e7d   Thumb Code   100  usart.o(i.HAL_UART_MspInit)
    HAL_UART_Transmit                        0x08001eed   Thumb Code   160  stm32f1xx_hal_uart.o(i.HAL_UART_Transmit)
    HardFault_Handler                        0x08001f8d   Thumb Code     2  stm32f1xx_it.o(i.HardFault_Handler)
    MX_ADC1_Init                             0x08001f91   Thumb Code    68  adc.o(i.MX_ADC1_Init)
    MX_GPIO_Init                             0x08001fdd   Thumb Code   176  gpio.o(i.MX_GPIO_Init)
    MX_TIM1_Init                             0x08002099   Thumb Code    96  tim.o(i.MX_TIM1_Init)
    MX_USART1_UART_Init                      0x08002101   Thumb Code    48  usart.o(i.MX_USART1_UART_Init)
    MemManage_Handler                        0x08002139   Thumb Code     2  stm32f1xx_it.o(i.MemManage_Handler)
    NMI_Handler                              0x0800213b   Thumb Code     2  stm32f1xx_it.o(i.NMI_Handler)
    OLED_Clear                               0x0800213d   Thumb Code    38  myoled.o(i.OLED_Clear)
    OLED_I2C_Init                            0x08002165   Thumb Code    32  myoled.o(i.OLED_I2C_Init)
    OLED_I2C_SendByte                        0x08002189   Thumb Code    94  myoled.o(i.OLED_I2C_SendByte)
    OLED_I2C_Start                           0x080021ed   Thumb Code    52  myoled.o(i.OLED_I2C_Start)
    OLED_I2C_Stop                            0x08002225   Thumb Code    42  myoled.o(i.OLED_I2C_Stop)
    OLED_Init                                0x08002255   Thumb Code   172  myoled.o(i.OLED_Init)
    OLED_Pow                                 0x08002301   Thumb Code    14  myoled.o(i.OLED_Pow)
    OLED_SetCursor                           0x0800230f   Thumb Code    34  myoled.o(i.OLED_SetCursor)
    OLED_ShowChar                            0x08002331   Thumb Code    98  myoled.o(i.OLED_ShowChar)
    OLED_ShowNum                             0x08002399   Thumb Code    66  myoled.o(i.OLED_ShowNum)
    OLED_ShowString                          0x080023db   Thumb Code    38  myoled.o(i.OLED_ShowString)
    OLED_WriteCommand                        0x08002401   Thumb Code    34  myoled.o(i.OLED_WriteCommand)
    OLED_WriteData                           0x08002423   Thumb Code    34  myoled.o(i.OLED_WriteData)
    PendSV_Handler                           0x08002445   Thumb Code     2  stm32f1xx_it.o(i.PendSV_Handler)
    SVC_Handler                              0x08002447   Thumb Code     2  stm32f1xx_it.o(i.SVC_Handler)
    SysTick_Handler                          0x08002449   Thumb Code     4  stm32f1xx_it.o(i.SysTick_Handler)
    SystemClock_Config                       0x0800244d   Thumb Code   120  main.o(i.SystemClock_Config)
    SystemInit                               0x080024c5   Thumb Code     2  system_stm32f1xx.o(i.SystemInit)
    TIM_Base_SetConfig                       0x080024c9   Thumb Code   108  stm32f1xx_hal_tim.o(i.TIM_Base_SetConfig)
    TIM_ETR_SetConfig                        0x08002541   Thumb Code    20  stm32f1xx_hal_tim.o(i.TIM_ETR_SetConfig)
    UsageFault_Handler                       0x08002723   Thumb Code     2  stm32f1xx_it.o(i.UsageFault_Handler)
    __0vsnprintf                             0x08002725   Thumb Code    46  printfa.o(i.__0vsnprintf)
    __1vsnprintf                             0x08002725   Thumb Code     0  printfa.o(i.__0vsnprintf)
    __2vsnprintf                             0x08002725   Thumb Code     0  printfa.o(i.__0vsnprintf)
    __c89vsnprintf                           0x08002725   Thumb Code     0  printfa.o(i.__0vsnprintf)
    vsnprintf                                0x08002725   Thumb Code     0  printfa.o(i.__0vsnprintf)
    __ARM_fpclassify                         0x08002759   Thumb Code    40  fpclassify.o(i.__ARM_fpclassify)
    __kernel_poly                            0x080027a1   Thumb Code   170  poly.o(i.__kernel_poly)
    __mathlib_dbl_divzero                    0x0800284d   Thumb Code    12  dunder.o(i.__mathlib_dbl_divzero)
    __mathlib_dbl_infnan2                    0x0800285d   Thumb Code     4  dunder.o(i.__mathlib_dbl_infnan2)
    __mathlib_dbl_invalid                    0x08002861   Thumb Code    12  dunder.o(i.__mathlib_dbl_invalid)
    __mathlib_dbl_overflow                   0x0800286d   Thumb Code    14  dunder.o(i.__mathlib_dbl_overflow)
    __mathlib_dbl_underflow                  0x0800287d   Thumb Code    10  dunder.o(i.__mathlib_dbl_underflow)
    __scatterload_copy                       0x0800288d   Thumb Code    14  handlers.o(i.__scatterload_copy)
    __scatterload_null                       0x0800289b   Thumb Code     2  handlers.o(i.__scatterload_null)
    __scatterload_zeroinit                   0x0800289d   Thumb Code    14  handlers.o(i.__scatterload_zeroinit)
    __set_errno                              0x080028ad   Thumb Code     6  errno.o(i.__set_errno)
    dht11_task                               0x08003159   Thumb Code    42  mydht11.o(i.dht11_task)
    hc_sr501_task                            0x080031c1   Thumb Code    38  hc-sr501.o(i.hc_sr501_task)
    main                                     0x08003211   Thumb Code    76  main.o(i.main)
    mq7_task                                 0x08003261   Thumb Code   196  mymq-7.o(i.mq7_task)
    my_printf                                0x08003381   Thumb Code    50  usart.o(i.my_printf)
    oled_task                                0x080033b5   Thumb Code   160  myoled.o(i.oled_task)
    pow                                      0x080034b5   Thumb Code  2512  pow.o(i.pow)
    sqrt                                     0x08003e8d   Thumb Code    76  sqrt.o(i.sqrt)
    AHBPrescTable                            0x08003efc   Data          16  system_stm32f1xx.o(.constdata)
    APBPrescTable                            0x08003f0c   Data           8  system_stm32f1xx.o(.constdata)
    OLED_F8x16                               0x08003f14   Data        1520  myoled.o(.constdata)
    __mathlib_zero                           0x08004590   Data           8  qnan.o(.constdata)
    Region$$Table$$Base                      0x08004598   Number         0  anon$$obj.o(Region$$Table)
    Region$$Table$$Limit                     0x080045b8   Number         0  anon$$obj.o(Region$$Table)
    buzzer_bit1                              0x20000000   Data           1  main.o(.data)
    buzzer_bit2                              0x20000001   Data           1  main.o(.data)
    uwTickFreq                               0x20000004   Data           1  stm32f1xx_hal.o(.data)
    uwTickPrio                               0x20000008   Data           4  stm32f1xx_hal.o(.data)
    uwTick                                   0x2000000c   Data           4  stm32f1xx_hal.o(.data)
    SystemCoreClock                          0x20000010   Data           4  system_stm32f1xx.o(.data)
    humi                                     0x20000014   Data           1  mydht11.o(.data)
    temp                                     0x20000015   Data           1  mydht11.o(.data)
    mq7_adc_value                            0x20000018   Data           4  mymq-7.o(.data)
    ppm                                      0x2000001c   Data           4  mymq-7.o(.data)
    hc_sr501_value                           0x20000020   Data           1  hc-sr501.o(.data)
    hadc1                                    0x20000028   Data          48  adc.o(.bss)
    htim1                                    0x20000058   Data          72  tim.o(.bss)
    huart1                                   0x200000a0   Data          72  usart.o(.bss)
    __initial_sp                             0x200004e8   Data           0  startup_stm32f103xb.o(STACK)



==============================================================================

Memory Map of the image

  Image Entry point : 0x080000ed

  Load Region LR_IROM1 (Base: 0x08000000, Size: 0x000045e0, Max: 0x00010000, ABSOLUTE)

    Execution Region ER_IROM1 (Exec base: 0x08000000, Load base: 0x08000000, Size: 0x000045b8, Max: 0x00010000, ABSOLUTE)

    Exec Addr    Load Addr    Size         Type   Attr      Idx    E Section Name        Object

    0x08000000   0x08000000   0x000000ec   Data   RO            3    RESET               startup_stm32f103xb.o
    0x080000ec   0x080000ec   0x00000000   Code   RO         3426  * .ARM.Collect$$$$00000000  mc_w.l(entry.o)
    0x080000ec   0x080000ec   0x00000004   Code   RO         3506    .ARM.Collect$$$$00000001  mc_w.l(entry2.o)
    0x080000f0   0x080000f0   0x00000004   Code   RO         3509    .ARM.Collect$$$$00000004  mc_w.l(entry5.o)
    0x080000f4   0x080000f4   0x00000000   Code   RO         3511    .ARM.Collect$$$$00000008  mc_w.l(entry7b.o)
    0x080000f4   0x080000f4   0x00000000   Code   RO         3513    .ARM.Collect$$$$0000000A  mc_w.l(entry8b.o)
    0x080000f4   0x080000f4   0x00000008   Code   RO         3514    .ARM.Collect$$$$0000000B  mc_w.l(entry9a.o)
    0x080000fc   0x080000fc   0x00000004   Code   RO         3521    .ARM.Collect$$$$0000000E  mc_w.l(entry12b.o)
    0x08000100   0x08000100   0x00000000   Code   RO         3516    .ARM.Collect$$$$0000000F  mc_w.l(entry10a.o)
    0x08000100   0x08000100   0x00000000   Code   RO         3518    .ARM.Collect$$$$00000011  mc_w.l(entry11a.o)
    0x08000100   0x08000100   0x00000004   Code   RO         3507    .ARM.Collect$$$$00002712  mc_w.l(entry2.o)
    0x08000104   0x08000104   0x00000024   Code   RO            4    .text               startup_stm32f103xb.o
    0x08000128   0x08000128   0x00000020   Code   RO         3429    .text               mc_w.l(llushr.o)
    0x08000148   0x08000148   0x00000024   Code   RO         3431    .text               mc_w.l(memseta.o)
    0x0800016c   0x0800016c   0x000000b0   Code   RO         3461    .text               mf_w.l(fadd.o)
    0x0800021c   0x0800021c   0x00000064   Code   RO         3463    .text               mf_w.l(fmul.o)
    0x08000280   0x08000280   0x00000018   Code   RO         3465    .text               mf_w.l(fscalb.o)
    0x08000298   0x08000298   0x000000de   Code   RO         3467    .text               mf_w.l(ddiv.o)
    0x08000376   0x08000376   0x0000002e   Code   RO         3469    .text               mf_w.l(dscalb.o)
    0x080003a4   0x080003a4   0x0000000a   Code   RO         3471    .text               mf_w.l(ffltui.o)
    0x080003ae   0x080003ae   0x00000028   Code   RO         3473    .text               mf_w.l(ffixui.o)
    0x080003d6   0x080003d6   0x00000026   Code   RO         3475    .text               mf_w.l(f2d.o)
    0x080003fc   0x080003fc   0x00000038   Code   RO         3477    .text               mf_w.l(d2f.o)
    0x08000434   0x08000434   0x0000002c   Code   RO         3525    .text               mc_w.l(uidiv.o)
    0x08000460   0x08000460   0x00000062   Code   RO         3527    .text               mc_w.l(uldiv.o)
    0x080004c2   0x080004c2   0x00000000   Code   RO         3536    .text               mc_w.l(iusefp.o)
    0x080004c2   0x080004c2   0x0000006e   Code   RO         3537    .text               mf_w.l(fepilogue.o)
    0x08000530   0x08000530   0x000000ba   Code   RO         3539    .text               mf_w.l(depilogue.o)
    0x080005ea   0x080005ea   0x0000014e   Code   RO         3541    .text               mf_w.l(dadd.o)
    0x08000738   0x08000738   0x000000e4   Code   RO         3543    .text               mf_w.l(dmul.o)
    0x0800081c   0x0800081c   0x00000022   Code   RO         3545    .text               mf_w.l(dflti.o)
    0x0800083e   0x0800083e   0x00000030   Code   RO         3547    .text               mf_w.l(dfixul.o)
    0x0800086e   0x0800086e   0x00000002   PAD
    0x08000870   0x08000870   0x00000030   Code   RO         3549    .text               mf_w.l(cdrcmple.o)
    0x080008a0   0x080008a0   0x00000024   Code   RO         3551    .text               mc_w.l(init.o)
    0x080008c4   0x080008c4   0x0000001e   Code   RO         3554    .text               mc_w.l(llshl.o)
    0x080008e2   0x080008e2   0x00000024   Code   RO         3556    .text               mc_w.l(llsshr.o)
    0x08000906   0x08000906   0x000000a2   Code   RO         3559    .text               mf_w.l(dsqrt.o)
    0x080009a8   0x080009a8   0x00000056   Code   RO          485    i.ADC_ConversionStop_Disable  stm32f1xx_hal_adc.o
    0x080009fe   0x080009fe   0x00000002   PAD
    0x08000a00   0x08000a00   0x0000007c   Code   RO          489    i.ADC_Enable        stm32f1xx_hal_adc.o
    0x08000a7c   0x08000a7c   0x00000002   Code   RO          350    i.BusFault_Handler  stm32f1xx_it.o
    0x08000a7e   0x08000a7e   0x00000002   PAD
    0x08000a80   0x08000a80   0x00000010   Code   RO         3381    i.Buzzer_Off        buzzer.o
    0x08000a90   0x08000a90   0x00000010   Code   RO         3382    i.Buzzer_On         buzzer.o
    0x08000aa0   0x08000aa0   0x0000001c   Code   RO         3383    i.Buzzer_Task       buzzer.o
    0x08000abc   0x08000abc   0x00000068   Code   RO         3112    i.DHT11_Check       mydht11.o
    0x08000b24   0x08000b24   0x0000005c   Code   RO         3113    i.DHT11_Init        mydht11.o
    0x08000b80   0x08000b80   0x0000005c   Code   RO         3114    i.DHT11_Read_Bit    mydht11.o
    0x08000bdc   0x08000bdc   0x0000001a   Code   RO         3115    i.DHT11_Read_Byte   mydht11.o
    0x08000bf6   0x08000bf6   0x00000002   PAD
    0x08000bf8   0x08000bf8   0x00000052   Code   RO         3116    i.DHT11_Read_Data   mydht11.o
    0x08000c4a   0x08000c4a   0x00000002   PAD
    0x08000c4c   0x08000c4c   0x00000040   Code   RO         3117    i.DHT11_Rst         mydht11.o
    0x08000c8c   0x08000c8c   0x00000002   Code   RO          351    i.DebugMon_Handler  stm32f1xx_it.o
    0x08000c8e   0x08000c8e   0x00000002   PAD
    0x08000c90   0x08000c90   0x00000030   Code   RO         3118    i.Delay_us          mydht11.o
    0x08000cc0   0x08000cc0   0x00000004   Code   RO           13    i.Error_Handler     main.o
    0x08000cc4   0x08000cc4   0x000000d8   Code   RO          665    i.HAL_ADCEx_Calibration_Start  stm32f1xx_hal_adc_ex.o
    0x08000d9c   0x08000d9c   0x000000fc   Code   RO          491    i.HAL_ADC_ConfigChannel  stm32f1xx_hal_adc.o
    0x08000e98   0x08000e98   0x00000006   Code   RO          498    i.HAL_ADC_GetValue  stm32f1xx_hal_adc.o
    0x08000e9e   0x08000e9e   0x00000002   PAD
    0x08000ea0   0x08000ea0   0x0000011c   Code   RO          500    i.HAL_ADC_Init      stm32f1xx_hal_adc.o
    0x08000fbc   0x08000fbc   0x00000058   Code   RO          209    i.HAL_ADC_MspInit   adc.o
    0x08001014   0x08001014   0x0000013c   Code   RO          504    i.HAL_ADC_PollForConversion  stm32f1xx_hal_adc.o
    0x08001150   0x08001150   0x000000c0   Code   RO          506    i.HAL_ADC_Start     stm32f1xx_hal_adc.o
    0x08001210   0x08001210   0x00000024   Code   RO          768    i.HAL_Delay         stm32f1xx_hal.o
    0x08001234   0x08001234   0x000001e0   Code   RO         1078    i.HAL_GPIO_Init     stm32f1xx_hal_gpio.o
    0x08001414   0x08001414   0x0000000a   Code   RO         1080    i.HAL_GPIO_ReadPin  stm32f1xx_hal_gpio.o
    0x0800141e   0x0800141e   0x0000000a   Code   RO         1082    i.HAL_GPIO_WritePin  stm32f1xx_hal_gpio.o
    0x08001428   0x08001428   0x0000000c   Code   RO          772    i.HAL_GetTick       stm32f1xx_hal.o
    0x08001434   0x08001434   0x00000010   Code   RO          778    i.HAL_IncTick       stm32f1xx_hal.o
    0x08001444   0x08001444   0x00000024   Code   RO          779    i.HAL_Init          stm32f1xx_hal.o
    0x08001468   0x08001468   0x00000040   Code   RO          780    i.HAL_InitTick      stm32f1xx_hal.o
    0x080014a8   0x080014a8   0x0000003c   Code   RO          425    i.HAL_MspInit       stm32f1xx_hal_msp.o
    0x080014e4   0x080014e4   0x00000040   Code   RO         1244    i.HAL_NVIC_SetPriority  stm32f1xx_hal_cortex.o
    0x08001524   0x08001524   0x00000024   Code   RO         1245    i.HAL_NVIC_SetPriorityGrouping  stm32f1xx_hal_cortex.o
    0x08001548   0x08001548   0x000000a4   Code   RO         1039    i.HAL_RCCEx_GetPeriphCLKFreq  stm32f1xx_hal_rcc_ex.o
    0x080015ec   0x080015ec   0x000000ec   Code   RO         1040    i.HAL_RCCEx_PeriphCLKConfig  stm32f1xx_hal_rcc_ex.o
    0x080016d8   0x080016d8   0x0000012c   Code   RO          936    i.HAL_RCC_ClockConfig  stm32f1xx_hal_rcc.o
    0x08001804   0x08001804   0x00000020   Code   RO          943    i.HAL_RCC_GetPCLK1Freq  stm32f1xx_hal_rcc.o
    0x08001824   0x08001824   0x00000020   Code   RO          944    i.HAL_RCC_GetPCLK2Freq  stm32f1xx_hal_rcc.o
    0x08001844   0x08001844   0x0000004c   Code   RO          945    i.HAL_RCC_GetSysClockFreq  stm32f1xx_hal_rcc.o
    0x08001890   0x08001890   0x00000320   Code   RO          948    i.HAL_RCC_OscConfig  stm32f1xx_hal_rcc.o
    0x08001bb0   0x08001bb0   0x00000028   Code   RO         1249    i.HAL_SYSTICK_Config  stm32f1xx_hal_cortex.o
    0x08001bd8   0x08001bd8   0x00000068   Code   RO         2463    i.HAL_TIMEx_MasterConfigSynchronization  stm32f1xx_hal_tim_ex.o
    0x08001c40   0x08001c40   0x0000005a   Code   RO         1740    i.HAL_TIM_Base_Init  stm32f1xx_hal_tim.o
    0x08001c9a   0x08001c9a   0x00000002   PAD
    0x08001c9c   0x08001c9c   0x00000028   Code   RO          251    i.HAL_TIM_Base_MspInit  tim.o
    0x08001cc4   0x08001cc4   0x00000050   Code   RO         1743    i.HAL_TIM_Base_Start  stm32f1xx_hal_tim.o
    0x08001d14   0x08001d14   0x00000026   Code   RO         1746    i.HAL_TIM_Base_Stop  stm32f1xx_hal_tim.o
    0x08001d3a   0x08001d3a   0x000000dc   Code   RO         1749    i.HAL_TIM_ConfigClockSource  stm32f1xx_hal_tim.o
    0x08001e16   0x08001e16   0x00000064   Code   RO         2741    i.HAL_UART_Init     stm32f1xx_hal_uart.o
    0x08001e7a   0x08001e7a   0x00000002   PAD
    0x08001e7c   0x08001e7c   0x00000070   Code   RO          293    i.HAL_UART_MspInit  usart.o
    0x08001eec   0x08001eec   0x000000a0   Code   RO         2749    i.HAL_UART_Transmit  stm32f1xx_hal_uart.o
    0x08001f8c   0x08001f8c   0x00000002   Code   RO          352    i.HardFault_Handler  stm32f1xx_it.o
    0x08001f8e   0x08001f8e   0x00000002   PAD
    0x08001f90   0x08001f90   0x0000004c   Code   RO          210    i.MX_ADC1_Init      adc.o
    0x08001fdc   0x08001fdc   0x000000bc   Code   RO          184    i.MX_GPIO_Init      gpio.o
    0x08002098   0x08002098   0x00000068   Code   RO          252    i.MX_TIM1_Init      tim.o
    0x08002100   0x08002100   0x00000038   Code   RO          294    i.MX_USART1_UART_Init  usart.o
    0x08002138   0x08002138   0x00000002   Code   RO          353    i.MemManage_Handler  stm32f1xx_it.o
    0x0800213a   0x0800213a   0x00000002   Code   RO          354    i.NMI_Handler       stm32f1xx_it.o
    0x0800213c   0x0800213c   0x00000026   Code   RO         3185    i.OLED_Clear        myoled.o
    0x08002162   0x08002162   0x00000002   PAD
    0x08002164   0x08002164   0x00000024   Code   RO         3186    i.OLED_I2C_Init     myoled.o
    0x08002188   0x08002188   0x00000064   Code   RO         3187    i.OLED_I2C_SendByte  myoled.o
    0x080021ec   0x080021ec   0x00000038   Code   RO         3188    i.OLED_I2C_Start    myoled.o
    0x08002224   0x08002224   0x00000030   Code   RO         3189    i.OLED_I2C_Stop     myoled.o
    0x08002254   0x08002254   0x000000ac   Code   RO         3190    i.OLED_Init         myoled.o
    0x08002300   0x08002300   0x0000000e   Code   RO         3191    i.OLED_Pow          myoled.o
    0x0800230e   0x0800230e   0x00000022   Code   RO         3192    i.OLED_SetCursor    myoled.o
    0x08002330   0x08002330   0x00000068   Code   RO         3194    i.OLED_ShowChar     myoled.o
    0x08002398   0x08002398   0x00000042   Code   RO         3196    i.OLED_ShowNum      myoled.o
    0x080023da   0x080023da   0x00000026   Code   RO         3198    i.OLED_ShowString   myoled.o
    0x08002400   0x08002400   0x00000022   Code   RO         3199    i.OLED_WriteCommand  myoled.o
    0x08002422   0x08002422   0x00000022   Code   RO         3200    i.OLED_WriteData    myoled.o
    0x08002444   0x08002444   0x00000002   Code   RO          355    i.PendSV_Handler    stm32f1xx_it.o
    0x08002446   0x08002446   0x00000002   Code   RO          356    i.SVC_Handler       stm32f1xx_it.o
    0x08002448   0x08002448   0x00000004   Code   RO          357    i.SysTick_Handler   stm32f1xx_it.o
    0x0800244c   0x0800244c   0x00000078   Code   RO           14    i.SystemClock_Config  main.o
    0x080024c4   0x080024c4   0x00000002   Code   RO         3075    i.SystemInit        system_stm32f1xx.o
    0x080024c6   0x080024c6   0x00000002   PAD
    0x080024c8   0x080024c8   0x00000078   Code   RO         1833    i.TIM_Base_SetConfig  stm32f1xx_hal_tim.o
    0x08002540   0x08002540   0x00000014   Code   RO         1844    i.TIM_ETR_SetConfig  stm32f1xx_hal_tim.o
    0x08002554   0x08002554   0x00000010   Code   RO         1845    i.TIM_ITRx_SetConfig  stm32f1xx_hal_tim.o
    0x08002564   0x08002564   0x00000022   Code   RO         1851    i.TIM_TI1_ConfigInputStage  stm32f1xx_hal_tim.o
    0x08002586   0x08002586   0x00000024   Code   RO         1853    i.TIM_TI2_ConfigInputStage  stm32f1xx_hal_tim.o
    0x080025aa   0x080025aa   0x0000004e   Code   RO         2764    i.UART_EndRxTransfer  stm32f1xx_hal_uart.o
    0x080025f8   0x080025f8   0x000000b8   Code   RO         2767    i.UART_SetConfig    stm32f1xx_hal_uart.o
    0x080026b0   0x080026b0   0x00000072   Code   RO         2770    i.UART_WaitOnFlagUntilTimeout  stm32f1xx_hal_uart.o
    0x08002722   0x08002722   0x00000002   Code   RO          358    i.UsageFault_Handler  stm32f1xx_it.o
    0x08002724   0x08002724   0x00000034   Code   RO         3439    i.__0vsnprintf      mc_w.l(printfa.o)
    0x08002758   0x08002758   0x00000028   Code   RO         3493    i.__ARM_fpclassify  m_ws.l(fpclassify.o)
    0x08002780   0x08002780   0x00000020   Code   RO         1251    i.__NVIC_SetPriority  stm32f1xx_hal_cortex.o
    0x080027a0   0x080027a0   0x000000aa   Code   RO         3495    i.__kernel_poly     m_ws.l(poly.o)
    0x0800284a   0x0800284a   0x00000002   PAD
    0x0800284c   0x0800284c   0x00000010   Code   RO         3479    i.__mathlib_dbl_divzero  m_ws.l(dunder.o)
    0x0800285c   0x0800285c   0x00000004   Code   RO         3481    i.__mathlib_dbl_infnan2  m_ws.l(dunder.o)
    0x08002860   0x08002860   0x0000000c   Code   RO         3482    i.__mathlib_dbl_invalid  m_ws.l(dunder.o)
    0x0800286c   0x0800286c   0x0000000e   Code   RO         3483    i.__mathlib_dbl_overflow  m_ws.l(dunder.o)
    0x0800287a   0x0800287a   0x00000002   PAD
    0x0800287c   0x0800287c   0x00000010   Code   RO         3485    i.__mathlib_dbl_underflow  m_ws.l(dunder.o)
    0x0800288c   0x0800288c   0x0000000e   Code   RO         3565    i.__scatterload_copy  mc_w.l(handlers.o)
    0x0800289a   0x0800289a   0x00000002   Code   RO         3566    i.__scatterload_null  mc_w.l(handlers.o)
    0x0800289c   0x0800289c   0x0000000e   Code   RO         3567    i.__scatterload_zeroinit  mc_w.l(handlers.o)
    0x080028aa   0x080028aa   0x00000002   PAD
    0x080028ac   0x080028ac   0x0000000c   Code   RO         3531    i.__set_errno       mc_w.l(errno.o)
    0x080028b8   0x080028b8   0x00000184   Code   RO         3441    i._fp_digits        mc_w.l(printfa.o)
    0x08002a3c   0x08002a3c   0x000006b4   Code   RO         3442    i._printf_core      mc_w.l(printfa.o)
    0x080030f0   0x080030f0   0x00000024   Code   RO         3443    i._printf_post_padding  mc_w.l(printfa.o)
    0x08003114   0x08003114   0x0000002e   Code   RO         3444    i._printf_pre_padding  mc_w.l(printfa.o)
    0x08003142   0x08003142   0x00000016   Code   RO         3445    i._snputc           mc_w.l(printfa.o)
    0x08003158   0x08003158   0x00000068   Code   RO         3119    i.dht11_task        mydht11.o
    0x080031c0   0x080031c0   0x00000050   Code   RO         3350    i.hc_sr501_task     hc-sr501.o
    0x08003210   0x08003210   0x00000050   Code   RO           15    i.main              main.o
    0x08003260   0x08003260   0x00000120   Code   RO         3319    i.mq7_task          mymq-7.o
    0x08003380   0x08003380   0x00000032   Code   RO          295    i.my_printf         usart.o
    0x080033b2   0x080033b2   0x00000002   PAD
    0x080033b4   0x080033b4   0x00000100   Code   RO         3201    i.oled_task         myoled.o
    0x080034b4   0x080034b4   0x000009d8   Code   RO         3417    i.pow               m_ws.l(pow.o)
    0x08003e8c   0x08003e8c   0x0000004c   Code   RO         3499    i.sqrt              m_ws.l(sqrt.o)
    0x08003ed8   0x08003ed8   0x00000012   Data   RO          949    .constdata          stm32f1xx_hal_rcc.o
    0x08003eea   0x08003eea   0x00000012   Data   RO         1041    .constdata          stm32f1xx_hal_rcc_ex.o
    0x08003efc   0x08003efc   0x00000010   Data   RO         3076    .constdata          system_stm32f1xx.o
    0x08003f0c   0x08003f0c   0x00000008   Data   RO         3077    .constdata          system_stm32f1xx.o
    0x08003f14   0x08003f14   0x000005f0   Data   RO         3202    .constdata          myoled.o
    0x08004504   0x08004504   0x00000004   PAD
    0x08004508   0x08004508   0x00000088   Data   RO         3418    .constdata          m_ws.l(pow.o)
    0x08004590   0x08004590   0x00000008   Data   RO         3497    .constdata          m_ws.l(qnan.o)
    0x08004598   0x08004598   0x00000020   Data   RO         3563    Region$$Table       anon$$obj.o


    Execution Region RW_IRAM1 (Exec base: 0x20000000, Load base: 0x080045b8, Size: 0x000004e8, Max: 0x00005000, ABSOLUTE)

    Exec Addr    Load Addr    Size         Type   Attr      Idx    E Section Name        Object

    0x20000000   0x080045b8   0x00000001   Data   RW           16    .data               main.o
    0x20000001   0x080045b9   0x00000001   Data   RW           17    .data               main.o
    0x20000002   0x080045ba   0x00000002   PAD
    0x20000004   0x080045bc   0x0000000c   Data   RW          786    .data               stm32f1xx_hal.o
    0x20000010   0x080045c8   0x00000004   Data   RW         3078    .data               system_stm32f1xx.o
    0x20000014   0x080045cc   0x00000002   Data   RW         3120    .data               mydht11.o
    0x20000016   0x080045ce   0x00000002   PAD
    0x20000018   0x080045d0   0x00000008   Data   RW         3320    .data               mymq-7.o
    0x20000020   0x080045d8   0x00000001   Data   RW         3351    .data               hc-sr501.o
    0x20000021   0x080045d9   0x00000003   PAD
    0x20000024   0x080045dc   0x00000004   Data   RW         3532    .data               mc_w.l(errno.o)
    0x20000028        -       0x00000030   Zero   RW          211    .bss                adc.o
    0x20000058        -       0x00000048   Zero   RW          253    .bss                tim.o
    0x200000a0        -       0x00000048   Zero   RW          296    .bss                usart.o
    0x200000e8        -       0x00000400   Zero   RW            1    STACK               startup_stm32f103xb.o


==============================================================================

Image component sizes


      Code (inc. data)   RO Data    RW Data    ZI Data      Debug   Object Name

       164         20          0          0         48       1673   adc.o
        60         18          0          0          0       1637   buzzer.o
       188         12          0          0          0        963   gpio.o
        80         42          0          1          0        733   hc-sr501.o
       204          4          0          2          0     449390   main.o
       612         94          0          2          0       5132   mydht11.o
       288         92          0          8          0        859   mymq-7.o
      1030        122       1520          0          0       8879   myoled.o
        36          8        236          0       1024        812   startup_stm32f103xb.o
       164         28          0         12          0       5965   stm32f1xx_hal.o
      1260         54          0          0          0       6588   stm32f1xx_hal_adc.o
       216          6          0          0          0       1446   stm32f1xx_hal_adc_ex.o
       172         14          0          0          0      28334   stm32f1xx_hal_cortex.o
       500         34          0          0          0       3551   stm32f1xx_hal_gpio.o
        60          8          0          0          0        890   stm32f1xx_hal_msp.o
      1240         84         18          0          0       5160   stm32f1xx_hal_rcc.o
       400         28         18          0          0       2489   stm32f1xx_hal_rcc_ex.o
       654         26          0          0          0       7388   stm32f1xx_hal_tim.o
       104         12          0          0          0       1372   stm32f1xx_hal_tim_ex.o
       636          6          0          0          0       4680   stm32f1xx_hal_uart.o
        20          0          0          0          0       3938   stm32f1xx_it.o
         2          0         24          4          0       1143   system_stm32f1xx.o
       144         18          0          0         72       1658   tim.o
       218         20          0          0         72       3122   usart.o

    ----------------------------------------------------------------------
      8476        750       1852         36       1216     547802   Object Totals
         0          0         32          0          0          0   (incl. Generated)
        24          0          4          7          0          0   (incl. Padding)

    ----------------------------------------------------------------------

      Code (inc. data)   RO Data    RW Data    ZI Data      Debug   Library Member Name

        62         10          0          0          0        340   dunder.o
        40          0          0          0          0         68   fpclassify.o
       170          0          0          0          0         96   poly.o
      2520        190        136          0          0        324   pow.o
         0          0          8          0          0          0   qnan.o
        76          0          0          0          0         84   sqrt.o
         0          0          0          0          0          0   entry.o
         0          0          0          0          0          0   entry10a.o
         0          0          0          0          0          0   entry11a.o
         4          0          0          0          0          0   entry12b.o
         8          4          0          0          0          0   entry2.o
         4          0          0          0          0          0   entry5.o
         0          0          0          0          0          0   entry7b.o
         0          0          0          0          0          0   entry8b.o
         8          4          0          0          0          0   entry9a.o
        12          6          0          4          0         68   errno.o
        30          0          0          0          0          0   handlers.o
        36          8          0          0          0         68   init.o
         0          0          0          0          0          0   iusefp.o
        30          0          0          0          0         68   llshl.o
        36          0          0          0          0         68   llsshr.o
        32          0          0          0          0         68   llushr.o
        36          0          0          0          0        108   memseta.o
      2260         86          0          0          0        528   printfa.o
        44          0          0          0          0         80   uidiv.o
        98          0          0          0          0         92   uldiv.o
        48          0          0          0          0         68   cdrcmple.o
        56          0          0          0          0         88   d2f.o
       334          0          0          0          0        148   dadd.o
       222          0          0          0          0        100   ddiv.o
       186          0          0          0          0        176   depilogue.o
        48          0          0          0          0         68   dfixul.o
        34          0          0          0          0         76   dflti.o
       228          0          0          0          0         96   dmul.o
        46          0          0          0          0         80   dscalb.o
       162          0          0          0          0        100   dsqrt.o
        38          0          0          0          0         68   f2d.o
       176          0          0          0          0        140   fadd.o
       110          0          0          0          0        168   fepilogue.o
        40          0          0          0          0         68   ffixui.o
        10          0          0          0          0         68   ffltui.o
       100          0          0          0          0         76   fmul.o
        24          0          0          0          0         68   fscalb.o

    ----------------------------------------------------------------------
      7376        308        144          4          0       3716   Library Totals
         8          0          0          0          0          0   (incl. Padding)

    ----------------------------------------------------------------------

      Code (inc. data)   RO Data    RW Data    ZI Data      Debug   Library Name

      2868        200        144          0          0        912   m_ws.l
      2638        108          0          4          0       1148   mc_w.l
      1862          0          0          0          0       1656   mf_w.l

    ----------------------------------------------------------------------
      7376        308        144          4          0       3716   Library Totals

    ----------------------------------------------------------------------

==============================================================================


      Code (inc. data)   RO Data    RW Data    ZI Data      Debug   

     15852       1058       1996         40       1216     545170   Grand Totals
     15852       1058       1996         40       1216     545170   ELF Image Totals
     15852       1058       1996         40          0          0   ROM Totals

==============================================================================

    Total RO  Size (Code + RO Data)                17848 (  17.43kB)
    Total RW  Size (RW Data + ZI Data)              1256 (   1.23kB)
    Total ROM Size (Code + RO Data + RW Data)      17888 (  17.47kB)

==============================================================================

